Sep 03 11:00:09 net-master-0x01 systemd[2938]: Listening on gpg-agent.socket - GnuPG cryptographic agent and passphrase cache.
Sep 03 11:00:09 net-master-0x01 systemd[2938]: Listening on ssh-agent.socket - OpenSSH Agent socket.
Sep 03 11:00:09 net-master-0x01 systemd[2938]: Reached target sockets.target - Sockets.
Sep 03 11:00:09 net-master-0x01 systemd[2938]: Reached target basic.target - Basic System.
Sep 03 11:00:09 net-master-0x01 systemd[1]: Started user@1000.service - User Manager for UID 1000.
Sep 03 11:00:09 net-master-0x01 systemd[2938]: Started mpris-proxy.service - Bluetooth mpris proxy.
Sep 03 11:00:09 net-master-0x01 systemd[2938]: Reached target default.target - Main User Target.
Sep 03 11:00:09 net-master-0x01 systemd[2938]: Startup finished in 357ms.
Sep 03 11:00:09 net-master-0x01 systemd[1]: Started session-26.scope - Session 26 of User pkhairkh.
Sep 03 11:00:09 net-master-0x01 systemd[2938]: Created slice session.slice - User Core Session Slice.
Sep 03 11:00:09 net-master-0x01 systemd[2938]: Starting dbus.service - D-Bus User Message Bus...
Sep 03 11:00:09 net-master-0x01 systemd[2938]: Started dbus.service - D-Bus User Message Bus.
Sep 03 11:00:09 net-master-0x01 sudo[2971]: pkhairkh : PWD=/home/pkhairkh ; USER=root ; COMMAND=/usr/bin/cp /tmp/mt76work/mt76cap5.sh /usr/local/bin/mt76cap5.sh
Sep 03 11:00:09 net-master-0x01 sudo[2971]: pam_unix(sudo:session): session opened for user root(uid=0) by pkhairkh(uid=1000)
Sep 03 11:00:09 net-master-0x01 sudo[2971]: pam_unix(sudo:session): session closed for user root
Sep 03 11:00:09 net-master-0x01 sudo[2975]: pkhairkh : PWD=/home/pkhairkh ; USER=root ; COMMAND=/usr/bin/chmod 755 /usr/local/bin/mt76cap5.sh
Sep 03 11:00:09 net-master-0x01 sudo[2975]: pam_unix(sudo:session): session opened for user root(uid=0) by pkhairkh(uid=1000)
Sep 03 11:00:09 net-master-0x01 sudo[2975]: pam_unix(sudo:session): session closed for user root
Sep 03 11:00:09 net-master-0x01 sudo[2979]: pkhairkh : PWD=/home/pkhairkh ; USER=root ; COMMAND=/usr/bin/rm -f /var/tmp/mt76snap-*.txt
Sep 03 11:00:09 net-master-0x01 sudo[2979]: pam_unix(sudo:session): session opened for user root(uid=0) by pkhairkh(uid=1000)
Sep 03 11:00:09 net-master-0x01 sudo[2979]: pam_unix(sudo:session): session closed for user root
Sep 03 11:00:09 net-master-0x01 sudo[2983]: pkhairkh : PWD=/home/pkhairkh ; USER=root ; COMMAND=/usr/bin/systemd-run --unit=mt76cap5 --collect /bin/bash /usr/local/bin/mt76cap5.sh
Sep 03 11:00:09 net-master-0x01 sudo[2983]: pam_unix(sudo:session): session opened for user root(uid=0) by pkhairkh(uid=1000)
Sep 03 11:00:10 net-master-0x01 systemd[1]: Started mt76cap5.service - [systemd-run] /bin/bash /usr/local/bin/mt76cap5.sh.
Sep 03 11:00:10 net-master-0x01 sudo[2983]: pam_unix(sudo:session): session closed for user root
Sep 03 11:00:10 net-master-0x01 bash[2986]: /bin/bash: /usr/local/bin/mt76cap5.sh: No such file or directory
Sep 03 11:00:10 net-master-0x01 systemd[1]: mt76cap5.service: Main process exited, code=exited, status=127/n/a
Sep 03 11:00:10 net-master-0x01 systemd[1]: mt76cap5.service: Failed with result 'exit-code'.
Sep 03 11:00:13 net-master-0x01 sudo[2991]: pkhairkh : PWD=/home/pkhairkh ; USER=root ; COMMAND=/usr/bin/systemctl is-active mt76cap5.service
Sep 03 11:00:13 net-master-0x01 sudo[2991]: pam_unix(sudo:session): session opened for user root(uid=0) by pkhairkh(uid=1000)
Sep 03 11:00:13 net-master-0x01 sudo[2991]: pam_unix(sudo:session): session closed for user root
Sep 03 11:00:13 net-master-0x01 sudo[2997]: pkhairkh : PWD=/home/pkhairkh ; USER=root ; COMMAND=/usr/sbin/ip link set wlan1 up
Sep 03 11:00:13 net-master-0x01 sudo[2997]: pam_unix(sudo:session): session opened for user root(uid=0) by pkhairkh(uid=1000)
Sep 03 11:00:13 net-master-0x01 sudo[2997]: pam_unix(sudo:session): session closed for user root
Sep 03 11:00:13 net-master-0x01 sudo[3001]: pkhairkh : PWD=/home/pkhairkh ; USER=root ; COMMAND=/usr/bin/timeout 40 iw dev wlan1 scan ap-force
Sep 03 11:00:13 net-master-0x01 sudo[3001]: pam_unix(sudo:session): session opened for user root(uid=0) by pkhairkh(uid=1000)
Sep 03 11:00:15 net-master-0x01 sudo[3001]: pam_unix(sudo:session): session closed for user root
Sep 03 11:00:15 net-master-0x01 sudo[3008]: pkhairkh : PWD=/home/pkhairkh ; USER=root ; COMMAND=/usr/bin/nmcli connection add type wifi con-name mtk-test ifname wlan1 ssid 'FRITZ!Box 7530 IZ' 802-11-wireless-security.key-mgmt wpa-psk 802-11-wireless-security.psk 5e1cdbb9475df2963e2c3eb07d9d01e73038a64adfaff88fa747bf7614d9f152 autoconnect no
Sep 03 11:00:15 net-master-0x01 sudo[3008]: pam_unix(sudo:session): session opened for user root(uid=0) by pkhairkh(uid=1000)
Sep 03 11:00:15 net-master-0x01 NetworkManager[626]: <info>  [1788426015.6586] audit: op="connection-add" uuid="69242bbf-b8bd-4ccb-999b-ec726bbd4729" name="mtk-test" pid=3010 uid=0 result="success"
Sep 03 11:00:15 net-master-0x01 sudo[3008]: pam_unix(sudo:session): session closed for user root
Sep 03 11:00:15 net-master-0x01 sudo[3023]: pkhairkh : PWD=/home/pkhairkh ; USER=root ; COMMAND=/usr/bin/timeout 90 nmcli device connect wlan1
Sep 03 11:00:15 net-master-0x01 sudo[3023]: pam_unix(sudo:session): session opened for user root(uid=0) by pkhairkh(uid=1000)
Sep 03 11:00:15 net-master-0x01 NetworkManager[626]: <info>  [1788426015.8032] agent-manager: agent[90cfe1acf14f2889,:1.93/nmcli-connect/0]: agent registered
Sep 03 11:00:15 net-master-0x01 NetworkManager[626]: <info>  [1788426015.8068] audit: op="connection-add-activate" pid=3026 uid=0 result="fail" reason="A 'wireless' setting is required if no AP path was given."
Sep 03 11:00:15 net-master-0x01 sudo[3023]: pam_unix(sudo:session): session closed for user root
Sep 03 11:00:17 net-master-0x01 sudo[3041]: pkhairkh : PWD=/home/pkhairkh ; USER=root ; COMMAND=/usr/bin/dmesg
Sep 03 11:00:17 net-master-0x01 sudo[3041]: pam_unix(sudo:session): session opened for user root(uid=0) by pkhairkh(uid=1000)
Sep 03 11:00:17 net-master-0x01 sudo[3041]: pam_unix(sudo:session): session closed for user root
Sep 03 11:00:18 net-master-0x01 sshd-session[2965]: Connection closed by 8.212.10.159 port 57639
Sep 03 11:00:18 net-master-0x01 sshd-session[2932]: pam_unix(sshd:session): session closed for user pkhairkh
Sep 03 11:00:18 net-master-0x01 systemd[1]: session-26.scope: Deactivated successfully.
Sep 03 11:00:18 net-master-0x01 systemd-logind[580]: Session 26 logged out. Waiting for processes to exit.
Sep 03 11:00:18 net-master-0x01 systemd-logind[580]: Removed session 26.
Sep 03 11:00:28 net-master-0x01 systemd[1]: Stopping user@1000.service - User Manager for UID 1000...
Sep 03 11:00:28 net-master-0x01 systemd[2938]: Activating special unit exit.target...
Sep 03 11:00:28 net-master-0x01 systemd[2938]: Stopped target default.target - Main User Target.
Sep 03 11:00:28 net-master-0x01 systemd[2938]: Stopping mpris-proxy.service - Bluetooth mpris proxy...
Sep 03 11:00:28 net-master-0x01 mpris-proxy[2958]: org.bluez appeared
Sep 03 11:00:28 net-master-0x01 mpris-proxy[2958]: Bluetooth Adapter /org/bluez/hci0 found
Sep 03 11:00:28 net-master-0x01 mpris-proxy[2958]: Bluetooth Adapter /org/bluez/hci0 removed
Sep 03 11:00:28 net-master-0x01 mpris-proxy[2958]: org.bluez disappeared
Sep 03 11:00:28 net-master-0x01 systemd[2938]: Stopped mpris-proxy.service - Bluetooth mpris proxy.
Sep 03 11:00:28 net-master-0x01 systemd[2938]: Stopping dbus.service - D-Bus User Message Bus...
Sep 03 11:00:28 net-master-0x01 systemd[2938]: Stopped dbus.service - D-Bus User Message Bus.
Sep 03 11:00:28 net-master-0x01 systemd[2938]: Removed slice session.slice - User Core Session Slice.
Sep 03 11:00:28 net-master-0x01 systemd[2938]: Stopped target basic.target - Basic System.
Sep 03 11:00:28 net-master-0x01 systemd[2938]: Stopped target paths.target - Paths.
Sep 03 11:00:28 net-master-0x01 systemd[2938]: Stopped target sockets.target - Sockets.
Sep 03 11:00:28 net-master-0x01 systemd[2938]: Stopped target timers.target - Timers.
Sep 03 11:00:28 net-master-0x01 systemd[2938]: Closed dbus.socket - D-Bus User Message Bus Socket.
Sep 03 11:00:28 net-master-0x01 systemd[2938]: Closed dirmngr.socket - GnuPG network certificate management daemon.
Sep 03 11:00:28 net-master-0x01 systemd[2938]: Closed gpg-agent-browser.socket - GnuPG cryptographic agent and passphrase cache (access for web browsers).
Sep 03 11:00:28 net-master-0x01 systemd[2938]: Closed gpg-agent-extra.socket - GnuPG cryptographic agent and passphrase cache (restricted).
Sep 03 11:00:28 net-master-0x01 systemd[2938]: Stopping gpg-agent-ssh.socket - GnuPG cryptographic agent (ssh-agent emulation)...
Sep 03 11:00:28 net-master-0x01 systemd[2938]: Stopping gpg-agent.socket - GnuPG cryptographic agent and passphrase cache...
Sep 03 11:00:28 net-master-0x01 systemd[2938]: Closed keyboxd.socket - GnuPG public key management service.
Sep 03 11:00:28 net-master-0x01 systemd[2938]: Stopping ssh-agent.socket - OpenSSH Agent socket...
Sep 03 11:00:28 net-master-0x01 systemd[2938]: Closed gpg-agent-ssh.socket - GnuPG cryptographic agent (ssh-agent emulation).
Sep 03 11:00:28 net-master-0x01 systemd[2938]: Closed gpg-agent.socket - GnuPG cryptographic agent and passphrase cache.
Sep 03 11:00:28 net-master-0x01 systemd[2938]: Closed ssh-agent.socket - OpenSSH Agent socket.
Sep 03 11:00:28 net-master-0x01 systemd[2938]: Removed slice app.slice - User Application Slice.
Sep 03 11:00:28 net-master-0x01 systemd[2938]: Reached target shutdown.target - Shutdown.
Sep 03 11:00:28 net-master-0x01 systemd[2938]: Finished systemd-exit.service - Exit the Session.
Sep 03 11:00:28 net-master-0x01 systemd[2938]: Reached target exit.target - Exit the Session.
Sep 03 11:00:28 net-master-0x01 (sd-pam)[2940]: pam_unix(systemd-user:session): session closed for user pkhairkh
Sep 03 11:00:28 net-master-0x01 systemd-logind[580]: Removed session 27.
Sep 03 11:00:28 net-master-0x01 systemd[1]: user@1000.service: Deactivated successfully.
Sep 03 11:00:28 net-master-0x01 systemd[1]: Stopped user@1000.service - User Manager for UID 1000.
Sep 03 11:00:28 net-master-0x01 systemd[1]: Stopping user-runtime-dir@1000.service - User Runtime Directory /run/user/1000...
Sep 03 11:00:28 net-master-0x01 systemd[1]: run-user-1000.mount: Deactivated successfully.
Sep 03 11:00:28 net-master-0x01 systemd[1]: user-runtime-dir@1000.service: Deactivated successfully.
Sep 03 11:00:28 net-master-0x01 systemd[1]: Stopped user-runtime-dir@1000.service - User Runtime Directory /run/user/1000.
Sep 03 11:00:28 net-master-0x01 systemd[1]: Removed slice user-1000.slice - User Slice of UID 1000.
Sep 03 11:00:28 net-master-0x01 systemd[1]: user-1000.slice: Consumed 1.493s CPU time.
Sep 03 11:01:20 net-master-0x01 sshd-session[3065]: Accepted password for pkhairkh from 47.57.232.232 port 30198 ssh2
Sep 03 11:01:20 net-master-0x01 sshd-session[3065]: pam_unix(sshd:session): session opened for user pkhairkh(uid=1000) by pkhairkh(uid=0)
Sep 03 11:01:20 net-master-0x01 systemd-logind[580]: New session 28 of user pkhairkh.
Sep 03 11:01:20 net-master-0x01 systemd[1]: Created slice user-1000.slice - User Slice of UID 1000.
Sep 03 11:01:20 net-master-0x01 systemd[1]: Starting user-runtime-dir@1000.service - User Runtime Directory /run/user/1000...
Sep 03 11:01:20 net-master-0x01 systemd[1]: Finished user-runtime-dir@1000.service - User Runtime Directory /run/user/1000.
Sep 03 11:01:20 net-master-0x01 systemd[1]: Starting user@1000.service - User Manager for UID 1000...
Sep 03 11:01:20 net-master-0x01 (systemd)[3072]: pam_unix(systemd-user:session): session opened for user pkhairkh(uid=1000) by pkhairkh(uid=0)
Sep 03 11:01:20 net-master-0x01 systemd-logind[580]: New session 29 of user pkhairkh.
Sep 03 11:01:20 net-master-0x01 systemd[3072]: Queued start job for default target default.target.
Sep 03 11:01:20 net-master-0x01 systemd[3072]: Created slice app.slice - User Application Slice.
Sep 03 11:01:20 net-master-0x01 systemd[3072]: Reached target paths.target - Paths.
Sep 03 11:01:20 net-master-0x01 systemd[3072]: Reached target timers.target - Timers.
Sep 03 11:01:20 net-master-0x01 systemd[3072]: Starting dbus.socket - D-Bus User Message Bus Socket...
Sep 03 11:01:20 net-master-0x01 systemd[3072]: Listening on dirmngr.socket - GnuPG network certificate management daemon.
Sep 03 11:01:20 net-master-0x01 systemd[3072]: Listening on gpg-agent-browser.socket - GnuPG cryptographic agent and passphrase cache (access for web browsers).
Sep 03 11:01:20 net-master-0x01 systemd[3072]: Listening on gpg-agent-extra.socket - GnuPG cryptographic agent and passphrase cache (restricted).
Sep 03 11:01:20 net-master-0x01 systemd[3072]: Starting gpg-agent-ssh.socket - GnuPG cryptographic agent (ssh-agent emulation)...
Sep 03 11:01:20 net-master-0x01 systemd[3072]: Starting gpg-agent.socket - GnuPG cryptographic agent and passphrase cache...
Sep 03 11:01:20 net-master-0x01 systemd[3072]: Listening on keyboxd.socket - GnuPG public key management service.
Sep 03 11:01:20 net-master-0x01 systemd[3072]: Starting ssh-agent.socket - OpenSSH Agent socket...
Sep 03 11:01:20 net-master-0x01 systemd[3072]: Listening on dbus.socket - D-Bus User Message Bus Socket.
Sep 03 11:01:20 net-master-0x01 systemd[3072]: Listening on gpg-agent-ssh.socket - GnuPG cryptographic agent (ssh-agent emulation).
Sep 03 11:01:20 net-master-0x01 systemd[3072]: Listening on gpg-agent.socket - GnuPG cryptographic agent and passphrase cache.
Sep 03 11:01:20 net-master-0x01 systemd[3072]: Listening on ssh-agent.socket - OpenSSH Agent socket.
Sep 03 11:01:20 net-master-0x01 systemd[3072]: Reached target sockets.target - Sockets.
Sep 03 11:01:20 net-master-0x01 systemd[3072]: Reached target basic.target - Basic System.
Sep 03 11:01:20 net-master-0x01 systemd[1]: Started user@1000.service - User Manager for UID 1000.
Sep 03 11:01:20 net-master-0x01 systemd[3072]: Started mpris-proxy.service - Bluetooth mpris proxy.
Sep 03 11:01:20 net-master-0x01 systemd[3072]: Reached target default.target - Main User Target.
Sep 03 11:01:20 net-master-0x01 systemd[3072]: Startup finished in 355ms.
Sep 03 11:01:20 net-master-0x01 systemd[1]: Started session-28.scope - Session 28 of User pkhairkh.
Sep 03 11:01:20 net-master-0x01 systemd[3072]: Created slice session.slice - User Core Session Slice.
Sep 03 11:01:20 net-master-0x01 systemd[3072]: Starting dbus.service - D-Bus User Message Bus...
Sep 03 11:01:20 net-master-0x01 systemd[3072]: Started dbus.service - D-Bus User Message Bus.
Sep 03 11:01:20 net-master-0x01 sudo[3106]: pkhairkh : PWD=/home/pkhairkh ; USER=root ; COMMAND=/usr/bin/cp /tmp/mt76work/mt76cap5.sh /usr/local/bin/mt76cap5.sh
Sep 03 11:01:20 net-master-0x01 sudo[3106]: pam_unix(sudo:session): session opened for user root(uid=0) by pkhairkh(uid=1000)
Sep 03 11:01:20 net-master-0x01 sudo[3106]: pam_unix(sudo:session): session closed for user root
Sep 03 11:01:21 net-master-0x01 sudo[3110]: pkhairkh : PWD=/home/pkhairkh ; USER=root ; COMMAND=/usr/bin/chmod 755 /usr/local/bin/mt76cap5.sh
Sep 03 11:01:21 net-master-0x01 sudo[3110]: pam_unix(sudo:session): session opened for user root(uid=0) by pkhairkh(uid=1000)
Sep 03 11:01:21 net-master-0x01 sudo[3110]: pam_unix(sudo:session): session closed for user root
Sep 03 11:01:21 net-master-0x01 sudo[3114]: pkhairkh : PWD=/home/pkhairkh ; USER=root ; COMMAND=/usr/bin/rm -f /var/tmp/mt76snap-*.txt
Sep 03 11:01:21 net-master-0x01 sudo[3114]: pam_unix(sudo:session): session opened for user root(uid=0) by pkhairkh(uid=1000)
Sep 03 11:01:21 net-master-0x01 sudo[3114]: pam_unix(sudo:session): session closed for user root
Sep 03 11:01:21 net-master-0x01 sudo[3118]: pkhairkh : PWD=/home/pkhairkh ; USER=root ; COMMAND=/usr/bin/systemd-run --unit=mt76cap5 --collect /bin/bash /usr/local/bin/mt76cap5.sh
Sep 03 11:01:21 net-master-0x01 sudo[3118]: pam_unix(sudo:session): session opened for user root(uid=0) by pkhairkh(uid=1000)
Sep 03 11:01:21 net-master-0x01 systemd[1]: Started mt76cap5.service - [systemd-run] /bin/bash /usr/local/bin/mt76cap5.sh.
Sep 03 11:01:21 net-master-0x01 sudo[3118]: pam_unix(sudo:session): session closed for user root
Sep 03 11:01:24 net-master-0x01 sudo[3129]: pkhairkh : PWD=/home/pkhairkh ; USER=root ; COMMAND=/usr/bin/systemctl is-active mt76cap5.service
Sep 03 11:01:24 net-master-0x01 sudo[3129]: pam_unix(sudo:session): session opened for user root(uid=0) by pkhairkh(uid=1000)
Sep 03 11:01:24 net-master-0x01 sudo[3129]: pam_unix(sudo:session): session closed for user root
Sep 03 11:01:24 net-master-0x01 sudo[3135]: pkhairkh : PWD=/home/pkhairkh ; USER=root ; COMMAND=/usr/bin/nmcli connection delete mtk-test
Sep 03 11:01:24 net-master-0x01 sudo[3135]: pam_unix(sudo:session): session opened for user root(uid=0) by pkhairkh(uid=1000)
Sep 03 11:01:24 net-master-0x01 NetworkManager[626]: <info>  [1788426084.1913] audit: op="connection-delete" uuid="69242bbf-b8bd-4ccb-999b-ec726bbd4729" name="mtk-test" pid=3137 uid=0 result="success"
Sep 03 11:01:24 net-master-0x01 sudo[3135]: pam_unix(sudo:session): session closed for user root
Sep 03 11:01:24 net-master-0x01 sudo[3143]: pkhairkh : PWD=/home/pkhairkh ; USER=root ; COMMAND=/usr/bin/nmcli connection add type wifi ifname wlan1 con-name mtk-test ssid 'FRITZ!Box 7530 IZ' 802-11-wireless-security.key-mgmt wpa-psk 802-11-wireless-security.psk 5e1cdbb9475df2963e2c3eb07d9d01e73038a64adfaff88fa747bf7614d9f152 autoconnect no
Sep 03 11:01:24 net-master-0x01 sudo[3143]: pam_unix(sudo:session): session opened for user root(uid=0) by pkhairkh(uid=1000)
Sep 03 11:01:24 net-master-0x01 NetworkManager[626]: <info>  [1788426084.2572] audit: op="connection-add" uuid="76e424e1-c8c5-4713-8a62-fc824aed4798" name="mtk-test" pid=3145 uid=0 result="success"
Sep 03 11:01:24 net-master-0x01 sudo[3143]: pam_unix(sudo:session): session closed for user root
Sep 03 11:01:24 net-master-0x01 sudo[3156]: pkhairkh : PWD=/home/pkhairkh ; USER=root ; COMMAND=/usr/bin/cp /tmp/mt76work/99-unmanage-mt76.conf /etc/NetworkManager/conf.d/99-unmanage-mt76.conf
Sep 03 11:01:24 net-master-0x01 sudo[3156]: pam_unix(sudo:session): session opened for user root(uid=0) by pkhairkh(uid=1000)
Sep 03 11:01:24 net-master-0x01 sudo[3156]: pam_unix(sudo:session): session closed for user root
Sep 03 11:01:24 net-master-0x01 sudo[3160]: pkhairkh : PWD=/home/pkhairkh ; USER=root ; COMMAND=/usr/bin/cat /etc/NetworkManager/conf.d/99-unmanage-mt76.conf
Sep 03 11:01:24 net-master-0x01 sudo[3160]: pam_unix(sudo:session): session opened for user root(uid=0) by pkhairkh(uid=1000)
Sep 03 11:01:24 net-master-0x01 sudo[3160]: pam_unix(sudo:session): session closed for user root
Sep 03 11:01:24 net-master-0x01 sudo[3164]: pkhairkh : PWD=/home/pkhairkh ; USER=root ; COMMAND=/usr/bin/systemctl restart NetworkManager
Sep 03 11:01:24 net-master-0x01 sudo[3164]: pam_unix(sudo:session): session opened for user root(uid=0) by pkhairkh(uid=1000)
Sep 03 11:01:24 net-master-0x01 systemd[1]: NetworkManager-wait-online.service: Deactivated successfully.
Sep 03 11:01:24 net-master-0x01 systemd[1]: Stopped NetworkManager-wait-online.service - Network Manager Wait Online.
Sep 03 11:01:24 net-master-0x01 systemd[1]: Stopping NetworkManager-wait-online.service - Network Manager Wait Online...
Sep 03 11:01:24 net-master-0x01 NetworkManager[626]: <info>  [1788426084.3931] caught SIGTERM, shutting down normally.
Sep 03 11:01:24 net-master-0x01 systemd[1]: Stopping NetworkManager.service - Network Manager...
Sep 03 11:01:24 net-master-0x01 NetworkManager[626]: <info>  [1788426084.3946] dhcp4 (eth0): canceled DHCP transaction
Sep 03 11:01:24 net-master-0x01 NetworkManager[626]: <info>  [1788426084.3946] dhcp4 (eth0): activation: beginning transaction (timeout in 45 seconds)
Sep 03 11:01:24 net-master-0x01 NetworkManager[626]: <info>  [1788426084.3947] dhcp4 (eth0): state changed no lease
Sep 03 11:01:24 net-master-0x01 NetworkManager[626]: <info>  [1788426084.3950] dhcp6 (eth0): canceled DHCP transaction
Sep 03 11:01:24 net-master-0x01 NetworkManager[626]: <info>  [1788426084.3951] dhcp6 (eth0): activation: beginning transaction (timeout in 45 seconds)
Sep 03 11:01:24 net-master-0x01 NetworkManager[626]: <info>  [1788426084.3951] dhcp6 (eth0): state changed no lease
Sep 03 11:01:24 net-master-0x01 NetworkManager[626]: <info>  [1788426084.3962] manager: NetworkManager state is now CONNECTED_SITE
Sep 03 11:01:24 net-master-0x01 dbus-daemon[575]: [system] Activating via systemd: service name='org.freedesktop.nm_dispatcher' unit='dbus-org.freedesktop.nm-dispatcher.service' requested by ':1.7' (uid=0 pid=626 comm="/usr/sbin/NetworkManager --no-daemon")
Sep 03 11:01:24 net-master-0x01 systemd[1]: Starting NetworkManager-dispatcher.service - Network Manager Script Dispatcher Service...
Sep 03 11:01:24 net-master-0x01 NetworkManager[626]: <info>  [1788426084.4169] exiting (success)
Sep 03 11:01:24 net-master-0x01 systemd[1]: NetworkManager.service: Deactivated successfully.
Sep 03 11:01:24 net-master-0x01 systemd[1]: Stopped NetworkManager.service - Network Manager.
Sep 03 11:01:24 net-master-0x01 systemd[1]: NetworkManager.service: Consumed 2.232s CPU time.
Sep 03 11:01:24 net-master-0x01 systemd[1]: Starting NetworkManager.service - Network Manager...
Sep 03 11:01:24 net-master-0x01 dbus-daemon[575]: [system] Successfully activated service 'org.freedesktop.nm_dispatcher'
Sep 03 11:01:24 net-master-0x01 systemd[1]: Started NetworkManager-dispatcher.service - Network Manager Script Dispatcher Service.
Sep 03 11:01:24 net-master-0x01 NetworkManager[3169]: <info>  [1788426084.5155] NetworkManager (version 1.52.1) is starting... (after a restart, boot:bbb4a6c8-54ef-4bb3-bc32-8a73ff63aca4)
Sep 03 11:01:24 net-master-0x01 NetworkManager[3169]: <info>  [1788426084.5156] Read config: /etc/NetworkManager/NetworkManager.conf, /usr/lib/NetworkManager/conf.d/{no-mac-addr-change.conf,rpi-no-scan-rand-mac-address.conf}, /run/NetworkManager/conf.d/{10-globally-managed-devices.conf,netplan.conf}, /etc/NetworkManager/conf.d/99-unmanage-mt76.conf
Sep 03 11:01:24 net-master-0x01 NetworkManager[3169]: <info>  [1788426084.5285] manager[0x5582f35b10]: monitoring kernel firmware directory '/lib/firmware'.
Sep 03 11:01:24 net-master-0x01 NetworkManager[3169]: <info>  [1788426084.5286] monitoring ifupdown state file '/run/network/ifstate'.
Sep 03 11:01:24 net-master-0x01 dbus-daemon[575]: [system] Activating via systemd: service name='org.freedesktop.hostname1' unit='dbus-org.freedesktop.hostname1.service' requested by ':1.105' (uid=0 pid=3169 comm="/usr/sbin/NetworkManager --no-daemon")
Sep 03 11:01:24 net-master-0x01 systemd[1]: Starting systemd-hostnamed.service - Hostname Service...
Sep 03 11:01:24 net-master-0x01 systemd[1]: Started systemd-hostnamed.service - Hostname Service.
Sep 03 11:01:24 net-master-0x01 dbus-daemon[575]: [system] Successfully activated service 'org.freedesktop.hostname1'
Sep 03 11:01:24 net-master-0x01 NetworkManager[3169]: <info>  [1788426084.6706] hostname: hostname: using hostnamed
Sep 03 11:01:24 net-master-0x01 NetworkManager[3169]: <info>  [1788426084.6706] hostname: static hostname changed from (none) to "net-master-0x01"
Sep 03 11:01:24 net-master-0x01 NetworkManager[3169]: <info>  [1788426084.6714] dns-mgr: init: dns=default,systemd-resolved rc-manager=symlink (auto)
Sep 03 11:01:24 net-master-0x01 NetworkManager[3169]: <info>  [1788426084.6763] rfkill3: found Wi-Fi radio killswitch (at /sys/devices/platform/scb/fd500000.pcie/pci0000:00/0000:00:00.0/0000:01:00.0/usb2/2-2/2-2:1.0/ieee80211/phy2/rfkill3) (driver mt7921u)
Sep 03 11:01:24 net-master-0x01 NetworkManager[3169]: <info>  [1788426084.6772] rfkill1: found Wi-Fi radio killswitch (at /sys/devices/platform/soc/fe300000.mmcnr/mmc_host/mmc1/mmc1:0001/mmc1:0001:1/ieee80211/phy0/rfkill1) (driver brcmfmac)
Sep 03 11:01:24 net-master-0x01 NetworkManager[3169]: <info>  [1788426084.6780] manager[0x5582f35b10]: rfkill: Wi-Fi hardware radio set enabled
Sep 03 11:01:24 net-master-0x01 NetworkManager[3169]: <info>  [1788426084.6780] manager[0x5582f35b10]: rfkill: WWAN hardware radio set enabled
Sep 03 11:01:24 net-master-0x01 NetworkManager[3169]: <info>  [1788426084.6845] Loaded device plugin: NMBluezManager (/usr/lib/aarch64-linux-gnu/NetworkManager/1.52.1/libnm-device-plugin-bluetooth.so)
Sep 03 11:01:24 net-master-0x01 NetworkManager[3169]: <info>  [1788426084.6851] Loaded device plugin: NMWwanFactory (/usr/lib/aarch64-linux-gnu/NetworkManager/1.52.1/libnm-device-plugin-wwan.so)
Sep 03 11:01:24 net-master-0x01 NetworkManager[3169]: <info>  [1788426084.6877] Loaded device plugin: NMTeamFactory (/usr/lib/aarch64-linux-gnu/NetworkManager/1.52.1/libnm-device-plugin-team.so)
Sep 03 11:01:24 net-master-0x01 NetworkManager[3169]: <info>  [1788426084.6885] Loaded device plugin: NMWifiFactory (/usr/lib/aarch64-linux-gnu/NetworkManager/1.52.1/libnm-device-plugin-wifi.so)
Sep 03 11:01:24 net-master-0x01 NetworkManager[3169]: <info>  [1788426084.6891] Loaded device plugin: NMAtmManager (/usr/lib/aarch64-linux-gnu/NetworkManager/1.52.1/libnm-device-plugin-adsl.so)
Sep 03 11:01:24 net-master-0x01 NetworkManager[3169]: <info>  [1788426084.6897] manager: rfkill: Wi-Fi enabled by radio killswitch; enabled by state file
Sep 03 11:01:24 net-master-0x01 NetworkManager[3169]: <info>  [1788426084.6898] manager: rfkill: WWAN enabled by radio killswitch; enabled by state file
Sep 03 11:01:24 net-master-0x01 NetworkManager[3169]: <info>  [1788426084.6899] manager: Networking is enabled by state file
Sep 03 11:01:24 net-master-0x01 NetworkManager[3169]: <info>  [1788426084.6907] settings: Loaded settings plugin: ifupdown ("/usr/lib/aarch64-linux-gnu/NetworkManager/1.52.1/libnm-settings-plugin-ifupdown.so")
Sep 03 11:01:24 net-master-0x01 NetworkManager[3169]: <info>  [1788426084.6908] settings: Loaded settings plugin: keyfile (internal)
Sep 03 11:01:24 net-master-0x01 NetworkManager[3169]: <info>  [1788426084.6909] ifupdown: management mode: unmanaged
Sep 03 11:01:24 net-master-0x01 NetworkManager[3169]: <info>  [1788426084.6909] ifupdown: interfaces file /etc/network/interfaces doesn't exist
Sep 03 11:01:25 net-master-0x01 generate[3181]: Permissions for /lib/netplan/00-network-manager-all.yaml are too open. Netplan configuration should NOT be accessible by others.
Sep 03 11:01:25 net-master-0x01 systemd[1]: Reload requested from client PID 3184 ('systemctl') (unit NetworkManager.service)...
Sep 03 11:01:25 net-master-0x01 systemd[1]: Reloading...
Sep 03 11:01:25 net-master-0x01 systemd[1]: Reloading finished in 755 ms.
Sep 03 11:01:26 net-master-0x01 generate[3274]: Permissions for /lib/netplan/00-network-manager-all.yaml are too open. Netplan configuration should NOT be accessible by others.
Sep 03 11:01:26 net-master-0x01 systemd[1]: Reload requested from client PID 3280 ('systemctl') (unit NetworkManager.service)...
Sep 03 11:01:26 net-master-0x01 systemd[1]: Reloading...
Sep 03 11:01:27 net-master-0x01 systemd[1]: Reloading finished in 730 ms.
Sep 03 11:01:27 net-master-0x01 generate[3372]: Permissions for /lib/netplan/00-network-manager-all.yaml are too open. Netplan configuration should NOT be accessible by others.
Sep 03 11:01:27 net-master-0x01 systemd[1]: Reload requested from client PID 3375 ('systemctl') (unit NetworkManager.service)...
Sep 03 11:01:27 net-master-0x01 systemd[1]: Reloading...
Sep 03 11:01:28 net-master-0x01 systemd[1]: Reloading finished in 752 ms.
Sep 03 11:01:28 net-master-0x01 NetworkManager[3169]: <info>  [1788426088.7431] dhcp: init: Using DHCP client 'internal'
Sep 03 11:01:28 net-master-0x01 NetworkManager[3169]: <info>  [1788426088.7437] manager: (lo): new Loopback device (/org/freedesktop/NetworkManager/Devices/1)
Sep 03 11:01:28 net-master-0x01 NetworkManager[3169]: <info>  [1788426088.7448] device (lo): state change: unmanaged -> unavailable (reason 'connection-assumed', managed-type: 'external')
Sep 03 11:01:28 net-master-0x01 NetworkManager[3169]: <info>  [1788426088.7457] device (lo): state change: unavailable -> disconnected (reason 'connection-assumed', managed-type: 'external')
Sep 03 11:01:28 net-master-0x01 NetworkManager[3169]: <info>  [1788426088.7473] device (lo): Activation: starting connection 'lo' (882d6337-2f5e-43aa-872b-7d31c864f593)
Sep 03 11:01:28 net-master-0x01 NetworkManager[3169]: <info>  [1788426088.7487] device (eth0): carrier: link connected
Sep 03 11:01:28 net-master-0x01 NetworkManager[3169]: <info>  [1788426088.7496] manager: (eth0): new Ethernet device (/org/freedesktop/NetworkManager/Devices/2)
Sep 03 11:01:28 net-master-0x01 NetworkManager[3169]: <info>  [1788426088.7506] manager: (eth0): assume: will attempt to assume matching connection 'netplan-eth0' (75a1216a-9d1a-30cd-8aca-ace5526ec021) (indicated)
Sep 03 11:01:28 net-master-0x01 NetworkManager[3169]: <info>  [1788426088.7507] device (eth0): state change: unmanaged -> unavailable (reason 'connection-assumed', managed-type: 'assume')
Sep 03 11:01:28 net-master-0x01 NetworkManager[3169]: <info>  [1788426088.7519] device (eth0): state change: unavailable -> disconnected (reason 'connection-assumed', managed-type: 'assume')
Sep 03 11:01:28 net-master-0x01 NetworkManager[3169]: <info>  [1788426088.7534] device (eth0): Activation: starting connection 'netplan-eth0' (75a1216a-9d1a-30cd-8aca-ace5526ec021)
Sep 03 11:01:28 net-master-0x01 NetworkManager[3169]: <info>  [1788426088.7575] device (wlan0): driver supports Access Point (AP) mode
Sep 03 11:01:28 net-master-0x01 NetworkManager[3169]: <info>  [1788426088.7588] manager: (wlan0): new 802.11 Wi-Fi device (/org/freedesktop/NetworkManager/Devices/3)
Sep 03 11:01:28 net-master-0x01 NetworkManager[3169]: <info>  [1788426088.7600] device (wlan1): driver supports Access Point (AP) mode
Sep 03 11:01:28 net-master-0x01 NetworkManager[3169]: <info>  [1788426088.7609] manager: (wlan1): new 802.11 Wi-Fi device (/org/freedesktop/NetworkManager/Devices/4)
Sep 03 11:01:28 net-master-0x01 NetworkManager[3169]: <info>  [1788426088.7615] device (wlan1): state change: unmanaged -> unavailable (reason 'managed', managed-type: 'external')
Sep 03 11:01:28 net-master-0x01 NetworkManager[3169]: <info>  [1788426088.7638] failed to open /run/network/ifstate
Sep 03 11:01:28 net-master-0x01 systemd[1]: Started NetworkManager.service - Network Manager.
Sep 03 11:01:28 net-master-0x01 NetworkManager[3169]: <info>  [1788426088.7649] bus-manager: acquired D-Bus service "org.freedesktop.NetworkManager"
Sep 03 11:01:28 net-master-0x01 sudo[3164]: pam_unix(sudo:session): session closed for user root
Sep 03 11:01:28 net-master-0x01 NetworkManager[3169]: <info>  [1788426088.7680] device (lo): state change: disconnected -> prepare (reason 'none', managed-type: 'external')
Sep 03 11:01:28 net-master-0x01 NetworkManager[3169]: <info>  [1788426088.7687] device (lo): state change: prepare -> config (reason 'none', managed-type: 'external')
Sep 03 11:01:28 net-master-0x01 NetworkManager[3169]: <info>  [1788426088.7692] device (lo): state change: config -> ip-config (reason 'none', managed-type: 'external')
Sep 03 11:01:28 net-master-0x01 NetworkManager[3169]: <info>  [1788426088.7698] device (eth0): state change: disconnected -> prepare (reason 'none', managed-type: 'assume')
Sep 03 11:01:28 net-master-0x01 NetworkManager[3169]: <info>  [1788426088.7704] device (eth0): state change: prepare -> config (reason 'none', managed-type: 'assume')
Sep 03 11:01:28 net-master-0x01 NetworkManager[3169]: <info>  [1788426088.7712] device (lo): state change: ip-config -> ip-check (reason 'none', managed-type: 'external')
Sep 03 11:01:28 net-master-0x01 systemd[1]: Starting NetworkManager-wait-online.service - Network Manager Wait Online...
Sep 03 11:01:28 net-master-0x01 NetworkManager[3169]: <info>  [1788426088.7735] device (eth0): state change: config -> ip-config (reason 'none', managed-type: 'assume')
Sep 03 11:01:28 net-master-0x01 NetworkManager[3169]: <info>  [1788426088.7741] dhcp4 (eth0): activation: beginning transaction (timeout in 45 seconds)
Sep 03 11:01:28 net-master-0x01 NetworkManager[3169]: <info>  [1788426088.7765] modem-manager: oFono is not available
Sep 03 11:01:28 net-master-0x01 NetworkManager[3169]: <info>  [1788426088.7768] dhcp4 (eth0): state changed new lease, address=192.168.178.74, acd pending
Sep 03 11:01:28 net-master-0x01 NetworkManager[3169]: <info>  [1788426088.7774] dhcp4 (eth0): state changed new lease, address=192.168.178.74
Sep 03 11:01:28 net-master-0x01 NetworkManager[3169]: <info>  [1788426088.7816] policy: set 'netplan-eth0' (eth0) as default for IPv4 routing and DNS
Sep 03 11:01:28 net-master-0x01 NetworkManager[3169]: <info>  [1788426088.8173] device (eth0): state change: ip-config -> ip-check (reason 'none', managed-type: 'assume')
Sep 03 11:01:28 net-master-0x01 NetworkManager[3169]: <info>  [1788426088.8190] device (lo): state change: ip-check -> secondaries (reason 'none', managed-type: 'external')
Sep 03 11:01:28 net-master-0x01 NetworkManager[3169]: <info>  [1788426088.8207] device (lo): state change: secondaries -> activated (reason 'none', managed-type: 'external')
Sep 03 11:01:28 net-master-0x01 NetworkManager[3169]: <info>  [1788426088.8231] device (lo): Activation: successful, device activated.
Sep 03 11:01:28 net-master-0x01 NetworkManager[3169]: <info>  [1788426088.8247] device (eth0): state change: ip-check -> secondaries (reason 'none', managed-type: 'assume')
Sep 03 11:01:28 net-master-0x01 NetworkManager[3169]: <info>  [1788426088.8251] device (eth0): state change: secondaries -> activated (reason 'none', managed-type: 'assume')
Sep 03 11:01:28 net-master-0x01 NetworkManager[3169]: <info>  [1788426088.8259] manager: NetworkManager state is now CONNECTED_SITE
Sep 03 11:01:28 net-master-0x01 NetworkManager[3169]: <info>  [1788426088.8273] device (eth0): Activation: successful, device activated.
Sep 03 11:01:28 net-master-0x01 NetworkManager[3169]: <info>  [1788426088.8284] manager: NetworkManager state is now CONNECTED_GLOBAL
Sep 03 11:01:28 net-master-0x01 NetworkManager[3169]: <info>  [1788426088.8682] device (wlan1): supplicant interface state: internal-starting -> disconnected
Sep 03 11:01:28 net-master-0x01 NetworkManager[3169]: <info>  [1788426088.8684] Wi-Fi P2P device controlled by interface wlan1 created
Sep 03 11:01:28 net-master-0x01 NetworkManager[3169]: <info>  [1788426088.8690] manager: (p2p-dev-wlan1): new 802.11 Wi-Fi P2P device (/org/freedesktop/NetworkManager/Devices/5)
Sep 03 11:01:28 net-master-0x01 NetworkManager[3169]: <info>  [1788426088.8695] device (p2p-dev-wlan1): state change: unmanaged -> unavailable (reason 'managed', managed-type: 'external')
Sep 03 11:01:28 net-master-0x01 NetworkManager[3169]: <info>  [1788426088.8704] device (wlan1): state change: unavailable -> disconnected (reason 'supplicant-available', managed-type: 'full')
Sep 03 11:01:28 net-master-0x01 NetworkManager[3169]: <info>  [1788426088.8717] device (p2p-dev-wlan1): state change: unavailable -> disconnected (reason 'none', managed-type: 'full')
Sep 03 11:01:28 net-master-0x01 NetworkManager[3169]: <info>  [1788426088.9130] dhcp6 (eth0): activation: beginning transaction (timeout in 45 seconds)
Sep 03 11:01:28 net-master-0x01 NetworkManager[3169]: <info>  [1788426088.9152] policy: set 'netplan-eth0' (eth0) as default for IPv6 routing and DNS
Sep 03 11:01:28 net-master-0x01 NetworkManager[3169]: <info>  [1788426088.9244] dhcp6 (eth0): state changed new lease
Sep 03 11:01:31 net-master-0x01 NetworkManager[3169]: <info>  [1788426091.3685] manager: startup complete
Sep 03 11:01:31 net-master-0x01 systemd[1]: Finished NetworkManager-wait-online.service - Network Manager Wait Online.
Sep 03 11:01:32 net-master-0x01 sudo[3484]: pkhairkh : PWD=/home/pkhairkh ; USER=root ; COMMAND=/usr/bin/dmesg -c
Sep 03 11:01:32 net-master-0x01 sudo[3484]: pam_unix(sudo:session): session opened for user root(uid=0) by pkhairkh(uid=1000)
Sep 03 11:01:32 net-master-0x01 sudo[3484]: pam_unix(sudo:session): session closed for user root
Sep 03 11:01:32 net-master-0x01 sudo[3488]: pkhairkh : PWD=/home/pkhairkh ; USER=root ; COMMAND=/usr/bin/timeout 90 nmcli device connect wlan1
Sep 03 11:01:32 net-master-0x01 sudo[3488]: pam_unix(sudo:session): session opened for user root(uid=0) by pkhairkh(uid=1000)
Sep 03 11:01:32 net-master-0x01 NetworkManager[3169]: <info>  [1788426092.9773] agent-manager: agent[a267de7865ce5398,:1.109/nmcli-connect/0]: agent registered
Sep 03 11:01:32 net-master-0x01 NetworkManager[3169]: <info>  [1788426092.9805] device (wlan1): Activation: starting connection 'mtk-test' (76e424e1-c8c5-4713-8a62-fc824aed4798)
Sep 03 11:01:32 net-master-0x01 NetworkManager[3169]: <info>  [1788426092.9809] audit: op="connection-activate" uuid="76e424e1-c8c5-4713-8a62-fc824aed4798" name="mtk-test" pid=3491 uid=0 result="success"
Sep 03 11:01:32 net-master-0x01 NetworkManager[3169]: <info>  [1788426092.9813] device (wlan1): state change: disconnected -> prepare (reason 'none', managed-type: 'full')
Sep 03 11:01:32 net-master-0x01 NetworkManager[3169]: <info>  [1788426092.9824] device (wlan1): state change: prepare -> config (reason 'none', managed-type: 'full')
Sep 03 11:01:32 net-master-0x01 NetworkManager[3169]: <info>  [1788426092.9837] device (wlan1): Activation: (wifi) access point 'mtk-test' has security, but secrets are required.
Sep 03 11:01:32 net-master-0x01 NetworkManager[3169]: <info>  [1788426092.9843] device (wlan1): state change: config -> need-auth (reason 'none', managed-type: 'full')
Sep 03 11:01:32 net-master-0x01 NetworkManager[3169]: <info>  [1788426092.9848] sup-iface[2eb370443198332c,0,wlan1]: wps: type pbc start...
Sep 03 11:01:32 net-master-0x01 NetworkManager[3169]: <info>  [1788426092.9879] device (wlan1): state change: need-auth -> prepare (reason 'none', managed-type: 'full')
Sep 03 11:01:32 net-master-0x01 NetworkManager[3169]: <info>  [1788426092.9888] device (wlan1): state change: prepare -> config (reason 'none', managed-type: 'full')
Sep 03 11:01:32 net-master-0x01 NetworkManager[3169]: <info>  [1788426092.9895] device (wlan1): Activation: (wifi) connection 'mtk-test' has security, and secrets exist.  No new secrets needed.
Sep 03 11:01:32 net-master-0x01 NetworkManager[3169]: <info>  [1788426092.9896] Config: added 'ssid' value 'FRITZ!Box 7530 IZ'
Sep 03 11:01:32 net-master-0x01 NetworkManager[3169]: <info>  [1788426092.9897] Config: added 'scan_ssid' value '1'
Sep 03 11:01:32 net-master-0x01 NetworkManager[3169]: <info>  [1788426092.9897] Config: added 'bgscan' value 'simple:30:-70:86400'
Sep 03 11:01:32 net-master-0x01 NetworkManager[3169]: <info>  [1788426092.9897] Config: added 'key_mgmt' value 'WPA-PSK WPA-PSK-SHA256 FT-PSK SAE FT-SAE'
Sep 03 11:01:32 net-master-0x01 NetworkManager[3169]: <info>  [1788426092.9898] Config: added 'psk' value '<hidden>'
Sep 03 11:01:32 net-master-0x01 wpa_supplicant[628]: wlan1: WPS-PBC-ACTIVE
Sep 03 11:01:32 net-master-0x01 wpa_supplicant[628]: wlan1: WPS-CANCEL
Sep 03 11:01:33 net-master-0x01 wpa_supplicant[628]: BSSID dc:39:6f:ed:ba:e8 ignore list count incremented to 2, ignoring for 10 seconds
Sep 03 11:01:33 net-master-0x01 NetworkManager[3169]: <info>  [1788426093.1892] device (wlan1): supplicant interface state: disconnected -> scanning
Sep 03 11:01:33 net-master-0x01 NetworkManager[3169]: <info>  [1788426093.1893] device (p2p-dev-wlan1): supplicant management interface state: disconnected -> scanning
Sep 03 11:01:33 net-master-0x01 wpa_supplicant[628]: wlan1: SME: Trying to authenticate with dc:39:6f:ed:ba:e7 (SSID='FRITZ!Box 7530 IZ' freq=2472 MHz)
Sep 03 11:01:33 net-master-0x01 kernel: wlan1: authenticate with dc:39:6f:ed:ba:e7 (local address=e8:4e:06:b0:27:dc)
Sep 03 11:01:33 net-master-0x01 kernel: wlan1: send auth to dc:39:6f:ed:ba:e7 (try 1/3)
Sep 03 11:01:33 net-master-0x01 wpa_supplicant[628]: wlan1: Trying to associate with dc:39:6f:ed:ba:e7 (SSID='FRITZ!Box 7530 IZ' freq=2472 MHz)
Sep 03 11:01:33 net-master-0x01 NetworkManager[3169]: <info>  [1788426093.5851] device (wlan1): supplicant interface state: scanning -> authenticating
Sep 03 11:01:33 net-master-0x01 NetworkManager[3169]: <info>  [1788426093.5852] device (p2p-dev-wlan1): supplicant management interface state: scanning -> authenticating
Sep 03 11:01:33 net-master-0x01 kernel: wlan1: authenticated
Sep 03 11:01:33 net-master-0x01 NetworkManager[3169]: <info>  [1788426093.5969] device (wlan1): supplicant interface state: authenticating -> associating
Sep 03 11:01:33 net-master-0x01 NetworkManager[3169]: <info>  [1788426093.5969] device (p2p-dev-wlan1): supplicant management interface state: authenticating -> associating
Sep 03 11:01:33 net-master-0x01 kernel: wlan1: associate with dc:39:6f:ed:ba:e7 (try 1/3)
Sep 03 11:01:33 net-master-0x01 kernel: wlan1: RX AssocResp from dc:39:6f:ed:ba:e7 (capab=0x1431 status=0 aid=1)
Sep 03 11:01:33 net-master-0x01 wpa_supplicant[628]: wlan1: Associated with dc:39:6f:ed:ba:e7
Sep 03 11:01:33 net-master-0x01 wpa_supplicant[628]: wlan1: CTRL-EVENT-SUBNET-STATUS-UPDATE status=0
Sep 03 11:01:33 net-master-0x01 kernel: wlan1: associated
Sep 03 11:01:33 net-master-0x01 NetworkManager[3169]: <info>  [1788426093.6243] device (wlan1): supplicant interface state: associating -> associated
Sep 03 11:01:33 net-master-0x01 NetworkManager[3169]: <info>  [1788426093.6244] device (p2p-dev-wlan1): supplicant management interface state: associating -> associated
Sep 03 11:01:33 net-master-0x01 NetworkManager[3169]: <info>  [1788426093.8229] device (wlan1): supplicant interface state: associated -> 4way_handshake
Sep 03 11:01:33 net-master-0x01 NetworkManager[3169]: <info>  [1788426093.8230] device (p2p-dev-wlan1): supplicant management interface state: associated -> 4way_handshake
Sep 03 11:01:34 net-master-0x01 kernel: wlan1: Limiting TX power to 20 (20 - 0) dBm as advertised by dc:39:6f:ed:ba:e7
Sep 03 11:01:34 net-master-0x01 wpa_supplicant[628]: wlan1: WPA: Key negotiation completed with dc:39:6f:ed:ba:e7 [PTK=CCMP GTK=CCMP]
Sep 03 11:01:34 net-master-0x01 wpa_supplicant[628]: wlan1: CTRL-EVENT-CONNECTED - Connection to dc:39:6f:ed:ba:e7 completed [id=0 id_str=]
Sep 03 11:01:34 net-master-0x01 NetworkManager[3169]: <info>  [1788426094.1984] device (wlan1): supplicant interface state: 4way_handshake -> completed
Sep 03 11:01:34 net-master-0x01 NetworkManager[3169]: <info>  [1788426094.1985] device (wlan1): Activation: (wifi) Stage 2 of 5 (Device Configure) successful. Connected to wireless network "FRITZ!Box 7530 IZ"
Sep 03 11:01:34 net-master-0x01 NetworkManager[3169]: <info>  [1788426094.1985] device (p2p-dev-wlan1): supplicant management interface state: 4way_handshake -> completed
Sep 03 11:01:34 net-master-0x01 NetworkManager[3169]: <info>  [1788426094.1988] device (wlan1): state change: config -> ip-config (reason 'none', managed-type: 'full')
Sep 03 11:01:34 net-master-0x01 NetworkManager[3169]: <info>  [1788426094.1998] dhcp4 (wlan1): activation: beginning transaction (timeout in 45 seconds)
Sep 03 11:01:34 net-master-0x01 avahi-daemon[572]: Joining mDNS multicast group on interface wlan1.IPv6 with address fe80::998a:5dba:2f82:bddf.
Sep 03 11:01:34 net-master-0x01 avahi-daemon[572]: New relevant interface wlan1.IPv6 for mDNS.
Sep 03 11:01:34 net-master-0x01 avahi-daemon[572]: Registering new address record for fe80::998a:5dba:2f82:bddf on wlan1.*.
Sep 03 11:01:34 net-master-0x01 NetworkManager[3169]: <info>  [1788426094.3316] dhcp4 (wlan1): state changed new lease, address=192.168.178.147, acd pending
Sep 03 11:01:34 net-master-0x01 systemd[1]: NetworkManager-dispatcher.service: Deactivated successfully.
Sep 03 11:01:34 net-master-0x01 NetworkManager[3169]: <info>  [1788426094.4754] dhcp4 (wlan1): state changed new lease, address=192.168.178.147
Sep 03 11:01:34 net-master-0x01 avahi-daemon[572]: Joining mDNS multicast group on interface wlan1.IPv4 with address 192.168.178.147.
Sep 03 11:01:34 net-master-0x01 avahi-daemon[572]: New relevant interface wlan1.IPv4 for mDNS.
Sep 03 11:01:34 net-master-0x01 avahi-daemon[572]: Registering new address record for 192.168.178.147 on wlan1.IPv4.
Sep 03 11:01:34 net-master-0x01 NetworkManager[3169]: <info>  [1788426094.4897] device (wlan1): state change: ip-config -> ip-check (reason 'none', managed-type: 'full')
Sep 03 11:01:34 net-master-0x01 dbus-daemon[575]: [system] Activating via systemd: service name='org.freedesktop.nm_dispatcher' unit='dbus-org.freedesktop.nm-dispatcher.service' requested by ':1.105' (uid=0 pid=3169 comm="/usr/sbin/NetworkManager --no-daemon")
Sep 03 11:01:34 net-master-0x01 systemd[1]: Starting NetworkManager-dispatcher.service - Network Manager Script Dispatcher Service...
Sep 03 11:01:34 net-master-0x01 dbus-daemon[575]: [system] Successfully activated service 'org.freedesktop.nm_dispatcher'
Sep 03 11:01:34 net-master-0x01 systemd[1]: Started NetworkManager-dispatcher.service - Network Manager Script Dispatcher Service.
Sep 03 11:01:34 net-master-0x01 NetworkManager[3169]: <info>  [1788426094.5467] device (wlan1): state change: ip-check -> secondaries (reason 'none', managed-type: 'full')
Sep 03 11:01:34 net-master-0x01 NetworkManager[3169]: <info>  [1788426094.5472] device (wlan1): state change: secondaries -> activated (reason 'none', managed-type: 'full')
Sep 03 11:01:34 net-master-0x01 NetworkManager[3169]: <info>  [1788426094.5488] device (wlan1): Activation: successful, device activated.
Sep 03 11:01:34 net-master-0x01 sudo[3488]: pam_unix(sudo:session): session closed for user root
Sep 03 11:01:35 net-master-0x01 NetworkManager[3169]: <info>  [1788426095.5936] dhcp6 (wlan1): activation: beginning transaction (timeout in 45 seconds)
Sep 03 11:01:35 net-master-0x01 avahi-daemon[572]: Leaving mDNS multicast group on interface wlan1.IPv6 with address fe80::998a:5dba:2f82:bddf.
Sep 03 11:01:35 net-master-0x01 avahi-daemon[572]: Joining mDNS multicast group on interface wlan1.IPv6 with address fd5c:ef25:7ea5:0:98aa:e32c:b90b:e228.
Sep 03 11:01:35 net-master-0x01 avahi-daemon[572]: Registering new address record for fd5c:ef25:7ea5:0:98aa:e32c:b90b:e228 on wlan1.*.
Sep 03 11:01:35 net-master-0x01 avahi-daemon[572]: Withdrawing address record for fe80::998a:5dba:2f82:bddf on wlan1.
Sep 03 11:01:35 net-master-0x01 avahi-daemon[572]: Registering new address record for 2a0a:a545:e6f1:0:5c2:3567:7dde:67e6 on wlan1.*.
Sep 03 11:01:36 net-master-0x01 NetworkManager[3169]: <info>  [1788426096.5974] dhcp6 (wlan1): state changed new lease
Sep 03 11:01:36 net-master-0x01 sudo[3524]: pkhairkh : PWD=/home/pkhairkh ; USER=root ; COMMAND=/usr/bin/dmesg
Sep 03 11:01:36 net-master-0x01 sudo[3524]: pam_unix(sudo:session): session opened for user root(uid=0) by pkhairkh(uid=1000)
Sep 03 11:01:36 net-master-0x01 sudo[3524]: pam_unix(sudo:session): session closed for user root
Sep 03 11:01:36 net-master-0x01 sshd-session[3098]: Connection closed by 47.57.232.232 port 30198
Sep 03 11:01:36 net-master-0x01 sshd-session[3065]: pam_unix(sshd:session): session closed for user pkhairkh
Sep 03 11:01:36 net-master-0x01 systemd[1]: session-28.scope: Deactivated successfully.
Sep 03 11:01:36 net-master-0x01 systemd-logind[580]: Session 28 logged out. Waiting for processes to exit.
Sep 03 11:01:36 net-master-0x01 systemd-logind[580]: Removed session 28.
Sep 03 11:01:38 net-master-0x01 wpa_supplicant[628]: wlan1: WNM: Preferred List Available
Sep 03 11:01:38 net-master-0x01 wpa_supplicant[628]: wlan1: WNM: Preferred List Available
Sep 03 11:01:44 net-master-0x01 systemd[1]: NetworkManager-dispatcher.service: Deactivated successfully.
Sep 03 11:01:47 net-master-0x01 systemd[1]: Stopping user@1000.service - User Manager for UID 1000...
Sep 03 11:01:47 net-master-0x01 systemd[3072]: Activating special unit exit.target...
Sep 03 11:01:47 net-master-0x01 systemd[3072]: Stopped target default.target - Main User Target.
Sep 03 11:01:47 net-master-0x01 systemd[3072]: Stopping mpris-proxy.service - Bluetooth mpris proxy...
Sep 03 11:01:47 net-master-0x01 mpris-proxy[3092]: org.bluez appeared
Sep 03 11:01:47 net-master-0x01 mpris-proxy[3092]: Bluetooth Adapter /org/bluez/hci0 found
Sep 03 11:01:47 net-master-0x01 mpris-proxy[3092]: Bluetooth Adapter /org/bluez/hci0 removed
Sep 03 11:01:47 net-master-0x01 mpris-proxy[3092]: org.bluez disappeared
Sep 03 11:01:47 net-master-0x01 systemd[3072]: Stopped mpris-proxy.service - Bluetooth mpris proxy.
Sep 03 11:01:47 net-master-0x01 systemd[3072]: Stopping dbus.service - D-Bus User Message Bus...
Sep 03 11:01:47 net-master-0x01 systemd[3072]: Stopped dbus.service - D-Bus User Message Bus.
Sep 03 11:01:47 net-master-0x01 systemd[3072]: Removed slice session.slice - User Core Session Slice.
Sep 03 11:01:47 net-master-0x01 systemd[3072]: Stopped target basic.target - Basic System.
Sep 03 11:01:47 net-master-0x01 systemd[3072]: Stopped target paths.target - Paths.
Sep 03 11:01:47 net-master-0x01 systemd[3072]: Stopped target sockets.target - Sockets.
Sep 03 11:01:47 net-master-0x01 systemd[3072]: Stopped target timers.target - Timers.
Sep 03 11:01:47 net-master-0x01 systemd[3072]: Closed dbus.socket - D-Bus User Message Bus Socket.
Sep 03 11:01:47 net-master-0x01 systemd[3072]: Closed dirmngr.socket - GnuPG network certificate management daemon.
Sep 03 11:01:47 net-master-0x01 systemd[3072]: Closed gpg-agent-browser.socket - GnuPG cryptographic agent and passphrase cache (access for web browsers).
Sep 03 11:01:47 net-master-0x01 systemd[3072]: Closed gpg-agent-extra.socket - GnuPG cryptographic agent and passphrase cache (restricted).
Sep 03 11:01:47 net-master-0x01 systemd[3072]: Stopping gpg-agent-ssh.socket - GnuPG cryptographic agent (ssh-agent emulation)...
Sep 03 11:01:47 net-master-0x01 systemd[3072]: Stopping gpg-agent.socket - GnuPG cryptographic agent and passphrase cache...
Sep 03 11:01:47 net-master-0x01 systemd[3072]: Closed keyboxd.socket - GnuPG public key management service.
Sep 03 11:01:47 net-master-0x01 systemd[3072]: Stopping ssh-agent.socket - OpenSSH Agent socket...
Sep 03 11:01:47 net-master-0x01 systemd[3072]: Closed gpg-agent-ssh.socket - GnuPG cryptographic agent (ssh-agent emulation).
Sep 03 11:01:47 net-master-0x01 systemd[3072]: Closed gpg-agent.socket - GnuPG cryptographic agent and passphrase cache.
Sep 03 11:01:47 net-master-0x01 systemd[3072]: Closed ssh-agent.socket - OpenSSH Agent socket.
Sep 03 11:01:47 net-master-0x01 systemd[3072]: Removed slice app.slice - User Application Slice.
Sep 03 11:01:47 net-master-0x01 systemd[3072]: Reached target shutdown.target - Shutdown.
Sep 03 11:01:47 net-master-0x01 systemd[3072]: Finished systemd-exit.service - Exit the Session.
Sep 03 11:01:47 net-master-0x01 systemd[3072]: Reached target exit.target - Exit the Session.
Sep 03 11:01:47 net-master-0x01 (sd-pam)[3074]: pam_unix(systemd-user:session): session closed for user pkhairkh
Sep 03 11:01:47 net-master-0x01 systemd-logind[580]: Removed session 29.
Sep 03 11:01:47 net-master-0x01 systemd[1]: user@1000.service: Deactivated successfully.
Sep 03 11:01:47 net-master-0x01 systemd[1]: Stopped user@1000.service - User Manager for UID 1000.
Sep 03 11:01:47 net-master-0x01 systemd[1]: Stopping user-runtime-dir@1000.service - User Runtime Directory /run/user/1000...
Sep 03 11:01:47 net-master-0x01 systemd[1]: run-user-1000.mount: Deactivated successfully.
Sep 03 11:01:47 net-master-0x01 systemd[1]: user-runtime-dir@1000.service: Deactivated successfully.
Sep 03 11:01:47 net-master-0x01 systemd[1]: Stopped user-runtime-dir@1000.service - User Runtime Directory /run/user/1000.
Sep 03 11:01:47 net-master-0x01 systemd[1]: Removed slice user-1000.slice - User Slice of UID 1000.
Sep 03 11:01:47 net-master-0x01 systemd[1]: user-1000.slice: Consumed 1.671s CPU time.
Sep 03 11:01:52 net-master-0x01 sshd-session[3559]: Accepted password for pkhairkh from 47.57.242.119 port 24967 ssh2
Sep 03 11:01:52 net-master-0x01 sshd-session[3559]: pam_unix(sshd:session): session opened for user pkhairkh(uid=1000) by pkhairkh(uid=0)
Sep 03 11:01:52 net-master-0x01 systemd-logind[580]: New session 30 of user pkhairkh.
Sep 03 11:01:52 net-master-0x01 systemd[1]: Created slice user-1000.slice - User Slice of UID 1000.
Sep 03 11:01:52 net-master-0x01 systemd[1]: Starting user-runtime-dir@1000.service - User Runtime Directory /run/user/1000...
Sep 03 11:01:52 net-master-0x01 systemd[1]: Finished user-runtime-dir@1000.service - User Runtime Directory /run/user/1000.
Sep 03 11:01:52 net-master-0x01 systemd[1]: Starting user@1000.service - User Manager for UID 1000...
Sep 03 11:01:52 net-master-0x01 (systemd)[3569]: pam_unix(systemd-user:session): session opened for user pkhairkh(uid=1000) by pkhairkh(uid=0)
Sep 03 11:01:52 net-master-0x01 systemd-logind[580]: New session 31 of user pkhairkh.
Sep 03 11:01:53 net-master-0x01 systemd[3569]: Queued start job for default target default.target.
Sep 03 11:01:53 net-master-0x01 systemd[3569]: Created slice app.slice - User Application Slice.
Sep 03 11:01:53 net-master-0x01 systemd[3569]: Reached target paths.target - Paths.
Sep 03 11:01:53 net-master-0x01 systemd[3569]: Reached target timers.target - Timers.
Sep 03 11:01:53 net-master-0x01 systemd[3569]: Starting dbus.socket - D-Bus User Message Bus Socket...
Sep 03 11:01:53 net-master-0x01 systemd[3569]: Listening on dirmngr.socket - GnuPG network certificate management daemon.
Sep 03 11:01:53 net-master-0x01 systemd[3569]: Listening on gpg-agent-browser.socket - GnuPG cryptographic agent and passphrase cache (access for web browsers).
Sep 03 11:01:53 net-master-0x01 systemd[3569]: Listening on gpg-agent-extra.socket - GnuPG cryptographic agent and passphrase cache (restricted).
Sep 03 11:01:53 net-master-0x01 systemd[3569]: Starting gpg-agent-ssh.socket - GnuPG cryptographic agent (ssh-agent emulation)...
Sep 03 11:01:53 net-master-0x01 systemd[3569]: Starting gpg-agent.socket - GnuPG cryptographic agent and passphrase cache...
Sep 03 11:01:53 net-master-0x01 systemd[3569]: Listening on keyboxd.socket - GnuPG public key management service.
Sep 03 11:01:53 net-master-0x01 systemd[3569]: Starting ssh-agent.socket - OpenSSH Agent socket...
Sep 03 11:01:53 net-master-0x01 systemd[3569]: Listening on dbus.socket - D-Bus User Message Bus Socket.
Sep 03 11:01:53 net-master-0x01 systemd[3569]: Listening on gpg-agent-ssh.socket - GnuPG cryptographic agent (ssh-agent emulation).
Sep 03 11:01:53 net-master-0x01 systemd[3569]: Listening on gpg-agent.socket - GnuPG cryptographic agent and passphrase cache.
Sep 03 11:01:53 net-master-0x01 systemd[3569]: Listening on ssh-agent.socket - OpenSSH Agent socket.
Sep 03 11:01:53 net-master-0x01 systemd[3569]: Reached target sockets.target - Sockets.
Sep 03 11:01:53 net-master-0x01 systemd[3569]: Reached target basic.target - Basic System.
Sep 03 11:01:53 net-master-0x01 systemd[1]: Started user@1000.service - User Manager for UID 1000.
Sep 03 11:01:53 net-master-0x01 systemd[3569]: Started mpris-proxy.service - Bluetooth mpris proxy.
Sep 03 11:01:53 net-master-0x01 systemd[3569]: Reached target default.target - Main User Target.
Sep 03 11:01:53 net-master-0x01 systemd[3569]: Startup finished in 349ms.
Sep 03 11:01:53 net-master-0x01 systemd[1]: Started session-30.scope - Session 30 of User pkhairkh.
Sep 03 11:01:53 net-master-0x01 systemd[3569]: Created slice session.slice - User Core Session Slice.
Sep 03 11:01:53 net-master-0x01 systemd[3569]: Starting dbus.service - D-Bus User Message Bus...
Sep 03 11:01:53 net-master-0x01 systemd[3569]: Started dbus.service - D-Bus User Message Bus.
Sep 03 11:01:54 net-master-0x01 systemd[1]: systemd-hostnamed.service: Deactivated successfully.
Sep 03 11:03:49 net-master-0x01 sudo[3714]: pkhairkh : PWD=/home/pkhairkh ; USER=root ; COMMAND=/usr/bin/dmesg
Sep 03 11:03:49 net-master-0x01 sudo[3714]: pam_unix(sudo:session): session opened for user root(uid=0) by pkhairkh(uid=1000)
Sep 03 11:03:49 net-master-0x01 sudo[3714]: pam_unix(sudo:session): session closed for user root
Sep 03 11:03:49 net-master-0x01 sudo[3720]: pkhairkh : PWD=/home/pkhairkh ; USER=root ; COMMAND=/usr/bin/dmesg
Sep 03 11:03:49 net-master-0x01 sudo[3720]: pam_unix(sudo:session): session opened for user root(uid=0) by pkhairkh(uid=1000)
Sep 03 11:03:49 net-master-0x01 sudo[3720]: pam_unix(sudo:session): session closed for user root
Sep 03 11:03:49 net-master-0x01 sudo[3732]: pkhairkh : PWD=/home/pkhairkh ; USER=root ; COMMAND=/usr/bin/dmesg -c
Sep 03 11:03:49 net-master-0x01 sudo[3732]: pam_unix(sudo:session): session opened for user root(uid=0) by pkhairkh(uid=1000)
Sep 03 11:03:49 net-master-0x01 sudo[3732]: pam_unix(sudo:session): session closed for user root
Sep 03 11:03:49 net-master-0x01 sudo[3736]: pkhairkh : PWD=/home/pkhairkh ; USER=root ; COMMAND=/usr/bin/timeout 90 nmcli device disconnect wlan1
Sep 03 11:03:49 net-master-0x01 sudo[3736]: pam_unix(sudo:session): session opened for user root(uid=0) by pkhairkh(uid=1000)
Sep 03 11:03:49 net-master-0x01 NetworkManager[3169]: <info>  [1788426229.9776] device (wlan1): state change: activated -> deactivating (reason 'user-requested', managed-type: 'full')
Sep 03 11:03:49 net-master-0x01 NetworkManager[3169]: <info>  [1788426229.9797] audit: op="device-disconnect" interface="wlan1" ifindex=5 pid=3739 uid=0 result="success"
Sep 03 11:03:49 net-master-0x01 dbus-daemon[575]: [system] Activating via systemd: service name='org.freedesktop.nm_dispatcher' unit='dbus-org.freedesktop.nm-dispatcher.service' requested by ':1.105' (uid=0 pid=3169 comm="/usr/sbin/NetworkManager --no-daemon")
Sep 03 11:03:49 net-master-0x01 systemd[1]: Starting NetworkManager-dispatcher.service - Network Manager Script Dispatcher Service...
Sep 03 11:03:50 net-master-0x01 dbus-daemon[575]: [system] Successfully activated service 'org.freedesktop.nm_dispatcher'
Sep 03 11:03:50 net-master-0x01 systemd[1]: Started NetworkManager-dispatcher.service - Network Manager Script Dispatcher Service.
Sep 03 11:03:50 net-master-0x01 kernel: wlan1: deauthenticating from dc:39:6f:ed:ba:e7 by local choice (Reason: 3=DEAUTH_LEAVING)
Sep 03 11:03:59 net-master-0x01 sudo[3736]: pam_unix(sudo:session): session closed for user root
Sep 03 11:04:00 net-master-0x01 systemd[1]: NetworkManager-dispatcher.service: Deactivated successfully.
Sep 03 11:04:01 net-master-0x01 kernel: INFO: task kworker/u16:2:50 blocked for more than 10 seconds.
Sep 03 11:04:01 net-master-0x01 kernel:       Tainted: G         C O        6.18.34+rpt-rpi-v8 #1 Debian 1:6.18.34-1+rpt1
Sep 03 11:04:01 net-master-0x01 kernel: "echo 0 > /proc/sys/kernel/hung_task_timeout_secs" disables this message.
Sep 03 11:04:01 net-master-0x01 kernel: task:kworker/u16:2   state:D stack:0     pid:50    tgid:50    ppid:2      task_flags:0x4208060 flags:0x00000010
Sep 03 11:04:01 net-master-0x01 kernel: Workqueue: events_unbound cfg80211_wiphy_work [cfg80211]
Sep 03 11:04:01 net-master-0x01 kernel: Call trace:
Sep 03 11:04:01 net-master-0x01 kernel:  __switch_to+0xf0/0x1c8 (T)
Sep 03 11:04:01 net-master-0x01 kernel:  __schedule+0x3c8/0xc18
Sep 03 11:04:01 net-master-0x01 kernel:  schedule+0x3c/0x120
Sep 03 11:04:01 net-master-0x01 kernel:  schedule_preempt_disabled+0x2c/0x50
Sep 03 11:04:01 net-master-0x01 kernel:  __mutex_lock.constprop.0+0x50c/0xc80
Sep 03 11:04:01 net-master-0x01 kernel:  __mutex_lock_slowpath+0x1c/0x30
Sep 03 11:04:01 net-master-0x01 kernel:  mutex_lock+0x50/0x70
Sep 03 11:04:01 net-master-0x01 kernel:  cfg80211_wiphy_work+0x30/0x200 [cfg80211]
Sep 03 11:04:01 net-master-0x01 kernel:  process_one_work+0x158/0x3b8
Sep 03 11:04:01 net-master-0x01 kernel:  worker_thread+0x19c/0x328
Sep 03 11:04:01 net-master-0x01 kernel:  kthread+0x14c/0x210
Sep 03 11:04:01 net-master-0x01 kernel:  ret_from_fork+0x10/0x20
Sep 03 11:04:01 net-master-0x01 kernel: INFO: task kworker/u16:2:50 is blocked on a mutex likely owned by task wpa_supplicant:628.
Sep 03 11:04:01 net-master-0x01 kernel: INFO: task wpa_supplicant:628 blocked for more than 10 seconds.
Sep 03 11:04:01 net-master-0x01 kernel:       Tainted: G         C O        6.18.34+rpt-rpi-v8 #1 Debian 1:6.18.34-1+rpt1
Sep 03 11:04:01 net-master-0x01 kernel: "echo 0 > /proc/sys/kernel/hung_task_timeout_secs" disables this message.
Sep 03 11:04:01 net-master-0x01 kernel: task:wpa_supplicant  state:D stack:0     pid:628   tgid:628   ppid:1      task_flags:0x400100 flags:0x00000018
Sep 03 11:04:01 net-master-0x01 kernel: Call trace:
Sep 03 11:04:01 net-master-0x01 kernel:  __switch_to+0xf0/0x1c8 (T)
Sep 03 11:04:01 net-master-0x01 kernel:  __schedule+0x3c8/0xc18
Sep 03 11:04:01 net-master-0x01 kernel:  schedule+0x3c/0x120
Sep 03 11:04:01 net-master-0x01 kernel:  schedule_preempt_disabled+0x2c/0x50
Sep 03 11:04:01 net-master-0x01 kernel:  __mutex_lock.constprop.0+0x50c/0xc80
Sep 03 11:04:01 net-master-0x01 kernel:  __mutex_lock_slowpath+0x1c/0x30
Sep 03 11:04:01 net-master-0x01 kernel:  mutex_lock+0x50/0x70
Sep 03 11:04:01 net-master-0x01 kernel:  mt7921_mac_sta_remove+0x60/0x170 [mt7921_common]
Sep 03 11:04:01 net-master-0x01 kernel:  __mt76_sta_remove+0x80/0xe0 [mt76]
Sep 03 11:04:01 net-master-0x01 kernel:  mt76_sta_state+0xd0/0x238 [mt76]
Sep 03 11:04:01 net-master-0x01 kernel:  mt7921_sta_state+0x60/0xd0 [mt7921_common]
Sep 03 11:04:01 net-master-0x01 kernel:  drv_sta_state+0x104/0x670 [mac80211]
Sep 03 11:04:01 net-master-0x01 kernel:  __sta_info_destroy_part2+0x140/0x170 [mac80211]
Sep 03 11:04:01 net-master-0x01 kernel:  __sta_info_flush+0x180/0x268 [mac80211]
Sep 03 11:04:01 net-master-0x01 kernel:  ieee80211_set_disassoc+0x510/0x6a0 [mac80211]
Sep 03 11:04:01 net-master-0x01 kernel:  ieee80211_mgd_deauth+0x184/0x310 [mac80211]
Sep 03 11:04:01 net-master-0x01 kernel:  ieee80211_deauth+0x20/0x40 [mac80211]
Sep 03 11:04:01 net-master-0x01 kernel:  cfg80211_mlme_deauth+0xb8/0x220 [cfg80211]
Sep 03 11:04:01 net-master-0x01 kernel:  nl80211_deauthenticate+0xb8/0xe8 [cfg80211]
Sep 03 11:04:01 net-master-0x01 kernel:  genl_family_rcv_msg_doit+0xe8/0x160
Sep 03 11:04:01 net-master-0x01 kernel:  genl_rcv_msg+0x228/0x2b8
Sep 03 11:04:01 net-master-0x01 kernel:  netlink_rcv_skb+0x68/0x140
Sep 03 11:04:01 net-master-0x01 kernel:  genl_rcv+0x40/0x60
Sep 03 11:04:01 net-master-0x01 kernel:  netlink_unicast+0x344/0x3c8
Sep 03 11:04:01 net-master-0x01 kernel:  netlink_sendmsg+0x198/0x3f8
Sep 03 11:04:01 net-master-0x01 kernel:  __sock_sendmsg+0x64/0xc0
Sep 03 11:04:01 net-master-0x01 kernel:  ____sys_sendmsg+0x26c/0x2a8
Sep 03 11:04:01 net-master-0x01 kernel:  ___sys_sendmsg+0xb8/0x120
Sep 03 11:04:01 net-master-0x01 kernel:  __sys_sendmsg+0xa4/0x110
Sep 03 11:04:01 net-master-0x01 kernel:  __arm64_sys_sendmsg+0x2c/0x40
Sep 03 11:04:01 net-master-0x01 kernel:  invoke_syscall+0x4c/0x100
Sep 03 11:04:01 net-master-0x01 kernel:  el0_svc_common.constprop.0+0x48/0xf0
Sep 03 11:04:01 net-master-0x01 kernel:  do_el0_svc+0x24/0x38
Sep 03 11:04:01 net-master-0x01 kernel:  el0_svc+0x38/0x120
Sep 03 11:04:01 net-master-0x01 kernel:  el0t_64_sync_handler+0xa0/0xe8
Sep 03 11:04:01 net-master-0x01 kernel:  el0t_64_sync+0x198/0x1a0
Sep 03 11:04:01 net-master-0x01 kernel: INFO: task wpa_supplicant:628 is blocked on a mutex likely owned by task wpa_supplicant:628.
Sep 03 11:04:01 net-master-0x01 kernel: INFO: task kworker/u16:0:3283 blocked for more than 10 seconds.
Sep 03 11:04:01 net-master-0x01 kernel:       Tainted: G         C O        6.18.34+rpt-rpi-v8 #1 Debian 1:6.18.34-1+rpt1
Sep 03 11:04:01 net-master-0x01 kernel: "echo 0 > /proc/sys/kernel/hung_task_timeout_secs" disables this message.
Sep 03 11:04:01 net-master-0x01 kernel: task:kworker/u16:0   state:D stack:0     pid:3283  tgid:3283  ppid:2      task_flags:0x4208060 flags:0x00000010
Sep 03 11:04:01 net-master-0x01 kernel: Workqueue: phy2 mt792x_mac_work [mt792x_lib]
Sep 03 11:04:01 net-master-0x01 kernel: Call trace:
Sep 03 11:04:01 net-master-0x01 kernel:  __switch_to+0xf0/0x1c8 (T)
Sep 03 11:04:01 net-master-0x01 kernel:  __schedule+0x3c8/0xc18
Sep 03 11:04:01 net-master-0x01 kernel:  schedule+0x3c/0x120
Sep 03 11:04:01 net-master-0x01 kernel:  schedule_preempt_disabled+0x2c/0x50
Sep 03 11:04:01 net-master-0x01 kernel:  __mutex_lock.constprop.0+0x50c/0xc80
Sep 03 11:04:01 net-master-0x01 kernel:  __mutex_lock_slowpath+0x1c/0x30
Sep 03 11:04:01 net-master-0x01 kernel:  mutex_lock+0x50/0x70
Sep 03 11:04:01 net-master-0x01 kernel:  mt792x_mac_work+0x34/0xd0 [mt792x_lib]
Sep 03 11:04:01 net-master-0x01 kernel:  process_one_work+0x158/0x3b8
Sep 03 11:04:01 net-master-0x01 kernel:  worker_thread+0x19c/0x328
Sep 03 11:04:01 net-master-0x01 kernel:  kthread+0x14c/0x210
Sep 03 11:04:01 net-master-0x01 kernel:  ret_from_fork+0x10/0x20
Sep 03 11:04:01 net-master-0x01 kernel: INFO: task kworker/u16:0:3283 is blocked on a mutex likely owned by task wpa_supplicant:628.
Sep 03 11:04:03 net-master-0x01 sudo[3766]: pkhairkh : PWD=/home/pkhairkh ; USER=root ; COMMAND=/usr/bin/dmesg
Sep 03 11:04:03 net-master-0x01 sudo[3766]: pam_unix(sudo:session): session opened for user root(uid=0) by pkhairkh(uid=1000)
Sep 03 11:04:03 net-master-0x01 sudo[3766]: pam_unix(sudo:session): session closed for user root
Sep 03 11:04:03 net-master-0x01 sshd-session[3595]: Connection closed by 47.57.242.119 port 24967
Sep 03 11:04:03 net-master-0x01 sshd-session[3559]: pam_unix(sshd:session): session closed for user pkhairkh
Sep 03 11:04:03 net-master-0x01 systemd[1]: session-30.scope: Deactivated successfully.
Sep 03 11:04:03 net-master-0x01 systemd-logind[580]: Session 30 logged out. Waiting for processes to exit.
Sep 03 11:04:03 net-master-0x01 systemd-logind[580]: Removed session 30.
Sep 03 11:04:10 net-master-0x01 NetworkManager[3169]: <info>  [1788426250.0416] device (wlan1): state change: deactivating -> disconnected (reason 'user-requested', managed-type: 'full')
Sep 03 11:04:10 net-master-0x01 NetworkManager[3169]: <info>  [1788426250.0428] dhcp4 (wlan1): canceled DHCP transaction
Sep 03 11:04:10 net-master-0x01 avahi-daemon[572]: Withdrawing address record for 2a0a:a545:e6f1:0:5c2:3567:7dde:67e6 on wlan1.
Sep 03 11:04:10 net-master-0x01 NetworkManager[3169]: <info>  [1788426250.0429] dhcp4 (wlan1): activation: beginning transaction (timeout in 45 seconds)
Sep 03 11:04:10 net-master-0x01 avahi-daemon[572]: Withdrawing address record for fd5c:ef25:7ea5:0:98aa:e32c:b90b:e228 on wlan1.
Sep 03 11:04:10 net-master-0x01 NetworkManager[3169]: <info>  [1788426250.0430] dhcp4 (wlan1): state changed no lease
Sep 03 11:04:10 net-master-0x01 avahi-daemon[572]: Leaving mDNS multicast group on interface wlan1.IPv6 with address fd5c:ef25:7ea5:0:98aa:e32c:b90b:e228.
Sep 03 11:04:10 net-master-0x01 NetworkManager[3169]: <info>  [1788426250.0439] dhcp6 (wlan1): canceled DHCP transaction
Sep 03 11:04:10 net-master-0x01 avahi-daemon[572]: Joining mDNS multicast group on interface wlan1.IPv6 with address fe80::998a:5dba:2f82:bddf.
Sep 03 11:04:10 net-master-0x01 NetworkManager[3169]: <info>  [1788426250.0440] dhcp6 (wlan1): activation: beginning transaction (timeout in 45 seconds)
Sep 03 11:04:10 net-master-0x01 avahi-daemon[572]: Registering new address record for fe80::998a:5dba:2f82:bddf on wlan1.*.
Sep 03 11:04:10 net-master-0x01 NetworkManager[3169]: <info>  [1788426250.0440] dhcp6 (wlan1): state changed no lease
Sep 03 11:04:10 net-master-0x01 avahi-daemon[572]: Withdrawing address record for fe80::998a:5dba:2f82:bddf on wlan1.
Sep 03 11:04:10 net-master-0x01 avahi-daemon[572]: Leaving mDNS multicast group on interface wlan1.IPv6 with address fe80::998a:5dba:2f82:bddf.
Sep 03 11:04:10 net-master-0x01 avahi-daemon[572]: Interface wlan1.IPv6 no longer relevant for mDNS.
Sep 03 11:04:12 net-master-0x01 kernel: INFO: task kworker/u16:2:50 blocked for more than 20 seconds.
Sep 03 11:04:12 net-master-0x01 kernel:       Tainted: G         C O        6.18.34+rpt-rpi-v8 #1 Debian 1:6.18.34-1+rpt1
Sep 03 11:04:12 net-master-0x01 kernel: "echo 0 > /proc/sys/kernel/hung_task_timeout_secs" disables this message.
Sep 03 11:04:12 net-master-0x01 kernel: task:kworker/u16:2   state:D stack:0     pid:50    tgid:50    ppid:2      task_flags:0x4208060 flags:0x00000010
Sep 03 11:04:12 net-master-0x01 kernel: Workqueue: events_unbound cfg80211_wiphy_work [cfg80211]
Sep 03 11:04:12 net-master-0x01 kernel: Call trace:
Sep 03 11:04:12 net-master-0x01 kernel:  __switch_to+0xf0/0x1c8 (T)
Sep 03 11:04:12 net-master-0x01 kernel:  __schedule+0x3c8/0xc18
Sep 03 11:04:12 net-master-0x01 kernel:  schedule+0x3c/0x120
Sep 03 11:04:12 net-master-0x01 kernel:  schedule_preempt_disabled+0x2c/0x50
Sep 03 11:04:12 net-master-0x01 kernel:  __mutex_lock.constprop.0+0x50c/0xc80
Sep 03 11:04:12 net-master-0x01 kernel:  __mutex_lock_slowpath+0x1c/0x30
Sep 03 11:04:12 net-master-0x01 kernel:  mutex_lock+0x50/0x70
Sep 03 11:04:12 net-master-0x01 kernel:  cfg80211_wiphy_work+0x30/0x200 [cfg80211]
Sep 03 11:04:12 net-master-0x01 kernel:  process_one_work+0x158/0x3b8
Sep 03 11:04:12 net-master-0x01 kernel:  worker_thread+0x19c/0x328
Sep 03 11:04:12 net-master-0x01 kernel:  kthread+0x14c/0x210
Sep 03 11:04:12 net-master-0x01 kernel:  ret_from_fork+0x10/0x20
Sep 03 11:04:12 net-master-0x01 kernel: INFO: task kworker/u16:2:50 is blocked on a mutex likely owned by task wpa_supplicant:628.
Sep 03 11:04:12 net-master-0x01 kernel: INFO: task wpa_supplicant:628 blocked for more than 20 seconds.
Sep 03 11:04:12 net-master-0x01 kernel:       Tainted: G         C O        6.18.34+rpt-rpi-v8 #1 Debian 1:6.18.34-1+rpt1
Sep 03 11:04:12 net-master-0x01 kernel: "echo 0 > /proc/sys/kernel/hung_task_timeout_secs" disables this message.
Sep 03 11:04:12 net-master-0x01 kernel: task:wpa_supplicant  state:D stack:0     pid:628   tgid:628   ppid:1      task_flags:0x400100 flags:0x00000018
Sep 03 11:04:12 net-master-0x01 kernel: Call trace:
Sep 03 11:04:12 net-master-0x01 kernel:  __switch_to+0xf0/0x1c8 (T)
Sep 03 11:04:12 net-master-0x01 kernel:  __schedule+0x3c8/0xc18
Sep 03 11:04:12 net-master-0x01 kernel:  schedule+0x3c/0x120
Sep 03 11:04:12 net-master-0x01 kernel:  schedule_preempt_disabled+0x2c/0x50
Sep 03 11:04:12 net-master-0x01 kernel:  __mutex_lock.constprop.0+0x50c/0xc80
Sep 03 11:04:12 net-master-0x01 kernel:  __mutex_lock_slowpath+0x1c/0x30
Sep 03 11:04:12 net-master-0x01 kernel:  mutex_lock+0x50/0x70
Sep 03 11:04:12 net-master-0x01 kernel:  mt7921_mac_sta_remove+0x60/0x170 [mt7921_common]
Sep 03 11:04:12 net-master-0x01 kernel:  __mt76_sta_remove+0x80/0xe0 [mt76]
Sep 03 11:04:12 net-master-0x01 kernel:  mt76_sta_state+0xd0/0x238 [mt76]
Sep 03 11:04:12 net-master-0x01 kernel:  mt7921_sta_state+0x60/0xd0 [mt7921_common]
Sep 03 11:04:12 net-master-0x01 kernel:  drv_sta_state+0x104/0x670 [mac80211]
Sep 03 11:04:12 net-master-0x01 kernel:  __sta_info_destroy_part2+0x140/0x170 [mac80211]
Sep 03 11:04:12 net-master-0x01 kernel:  __sta_info_flush+0x180/0x268 [mac80211]
Sep 03 11:04:12 net-master-0x01 kernel:  ieee80211_set_disassoc+0x510/0x6a0 [mac80211]
Sep 03 11:04:12 net-master-0x01 kernel:  ieee80211_mgd_deauth+0x184/0x310 [mac80211]
Sep 03 11:04:12 net-master-0x01 kernel:  ieee80211_deauth+0x20/0x40 [mac80211]
Sep 03 11:04:12 net-master-0x01 kernel:  cfg80211_mlme_deauth+0xb8/0x220 [cfg80211]
Sep 03 11:04:12 net-master-0x01 kernel:  nl80211_deauthenticate+0xb8/0xe8 [cfg80211]
Sep 03 11:04:12 net-master-0x01 kernel:  genl_family_rcv_msg_doit+0xe8/0x160
Sep 03 11:04:12 net-master-0x01 kernel:  genl_rcv_msg+0x228/0x2b8
Sep 03 11:04:12 net-master-0x01 kernel:  netlink_rcv_skb+0x68/0x140
Sep 03 11:04:12 net-master-0x01 kernel:  genl_rcv+0x40/0x60
Sep 03 11:04:12 net-master-0x01 kernel:  netlink_unicast+0x344/0x3c8
Sep 03 11:04:12 net-master-0x01 kernel:  netlink_sendmsg+0x198/0x3f8
Sep 03 11:04:12 net-master-0x01 kernel:  __sock_sendmsg+0x64/0xc0
Sep 03 11:04:12 net-master-0x01 kernel:  ____sys_sendmsg+0x26c/0x2a8
Sep 03 11:04:12 net-master-0x01 kernel:  ___sys_sendmsg+0xb8/0x120
Sep 03 11:04:12 net-master-0x01 kernel:  __sys_sendmsg+0xa4/0x110
Sep 03 11:04:12 net-master-0x01 kernel:  __arm64_sys_sendmsg+0x2c/0x40
Sep 03 11:04:12 net-master-0x01 kernel:  invoke_syscall+0x4c/0x100
Sep 03 11:04:12 net-master-0x01 kernel:  el0_svc_common.constprop.0+0x48/0xf0
Sep 03 11:04:12 net-master-0x01 kernel:  do_el0_svc+0x24/0x38
Sep 03 11:04:12 net-master-0x01 kernel:  el0_svc+0x38/0x120
Sep 03 11:04:12 net-master-0x01 kernel:  el0t_64_sync_handler+0xa0/0xe8
Sep 03 11:04:12 net-master-0x01 kernel:  el0t_64_sync+0x198/0x1a0
Sep 03 11:04:12 net-master-0x01 kernel: INFO: task wpa_supplicant:628 is blocked on a mutex likely owned by task wpa_supplicant:628.
Sep 03 11:04:12 net-master-0x01 kernel: INFO: task kworker/u16:0:3283 blocked for more than 20 seconds.
Sep 03 11:04:12 net-master-0x01 kernel:       Tainted: G         C O        6.18.34+rpt-rpi-v8 #1 Debian 1:6.18.34-1+rpt1
Sep 03 11:04:12 net-master-0x01 kernel: "echo 0 > /proc/sys/kernel/hung_task_timeout_secs" disables this message.
Sep 03 11:04:12 net-master-0x01 kernel: task:kworker/u16:0   state:D stack:0     pid:3283  tgid:3283  ppid:2      task_flags:0x4208060 flags:0x00000010
Sep 03 11:04:12 net-master-0x01 kernel: Workqueue: phy2 mt792x_mac_work [mt792x_lib]
Sep 03 11:04:12 net-master-0x01 kernel: Call trace:
Sep 03 11:04:12 net-master-0x01 kernel:  __switch_to+0xf0/0x1c8 (T)
Sep 03 11:04:12 net-master-0x01 kernel:  __schedule+0x3c8/0xc18
Sep 03 11:04:12 net-master-0x01 kernel:  schedule+0x3c/0x120
Sep 03 11:04:12 net-master-0x01 kernel:  schedule_preempt_disabled+0x2c/0x50
Sep 03 11:04:12 net-master-0x01 kernel:  __mutex_lock.constprop.0+0x50c/0xc80
Sep 03 11:04:12 net-master-0x01 kernel:  __mutex_lock_slowpath+0x1c/0x30
Sep 03 11:04:12 net-master-0x01 kernel:  mutex_lock+0x50/0x70
Sep 03 11:04:12 net-master-0x01 kernel:  mt792x_mac_work+0x34/0xd0 [mt792x_lib]
Sep 03 11:04:12 net-master-0x01 kernel:  process_one_work+0x158/0x3b8
Sep 03 11:04:12 net-master-0x01 kernel:  worker_thread+0x19c/0x328
Sep 03 11:04:12 net-master-0x01 kernel:  kthread+0x14c/0x210
Sep 03 11:04:12 net-master-0x01 kernel:  ret_from_fork+0x10/0x20
Sep 03 11:04:12 net-master-0x01 kernel: INFO: task kworker/u16:0:3283 is blocked on a mutex likely owned by task wpa_supplicant:628.
Sep 03 11:04:13 net-master-0x01 systemd[1]: Stopping user@1000.service - User Manager for UID 1000...
Sep 03 11:04:13 net-master-0x01 systemd[3569]: Activating special unit exit.target...
Sep 03 11:04:13 net-master-0x01 systemd[3569]: Stopped target default.target - Main User Target.
Sep 03 11:04:13 net-master-0x01 systemd[3569]: Stopping mpris-proxy.service - Bluetooth mpris proxy...
Sep 03 11:04:13 net-master-0x01 mpris-proxy[3589]: org.bluez appeared
Sep 03 11:04:13 net-master-0x01 mpris-proxy[3589]: Bluetooth Adapter /org/bluez/hci0 found
Sep 03 11:04:13 net-master-0x01 mpris-proxy[3589]: Bluetooth Adapter /org/bluez/hci0 removed
Sep 03 11:04:13 net-master-0x01 mpris-proxy[3589]: org.bluez disappeared
Sep 03 11:04:13 net-master-0x01 systemd[3569]: Stopped mpris-proxy.service - Bluetooth mpris proxy.
Sep 03 11:04:13 net-master-0x01 systemd[3569]: Stopping dbus.service - D-Bus User Message Bus...
Sep 03 11:04:13 net-master-0x01 systemd[3569]: Stopped dbus.service - D-Bus User Message Bus.
Sep 03 11:04:13 net-master-0x01 systemd[3569]: Removed slice session.slice - User Core Session Slice.
Sep 03 11:04:13 net-master-0x01 systemd[3569]: Stopped target basic.target - Basic System.
Sep 03 11:04:13 net-master-0x01 systemd[3569]: Stopped target paths.target - Paths.
Sep 03 11:04:13 net-master-0x01 systemd[3569]: Stopped target sockets.target - Sockets.
Sep 03 11:04:13 net-master-0x01 systemd[3569]: Stopped target timers.target - Timers.
Sep 03 11:04:13 net-master-0x01 systemd[3569]: Closed dbus.socket - D-Bus User Message Bus Socket.
Sep 03 11:04:13 net-master-0x01 systemd[3569]: Closed dirmngr.socket - GnuPG network certificate management daemon.
Sep 03 11:04:13 net-master-0x01 systemd[3569]: Closed gpg-agent-browser.socket - GnuPG cryptographic agent and passphrase cache (access for web browsers).
Sep 03 11:04:13 net-master-0x01 systemd[3569]: Closed gpg-agent-extra.socket - GnuPG cryptographic agent and passphrase cache (restricted).
Sep 03 11:04:13 net-master-0x01 systemd[3569]: Stopping gpg-agent-ssh.socket - GnuPG cryptographic agent (ssh-agent emulation)...
Sep 03 11:04:13 net-master-0x01 systemd[3569]: Stopping gpg-agent.socket - GnuPG cryptographic agent and passphrase cache...
Sep 03 11:04:13 net-master-0x01 systemd[3569]: Closed keyboxd.socket - GnuPG public key management service.
Sep 03 11:04:13 net-master-0x01 systemd[3569]: Stopping ssh-agent.socket - OpenSSH Agent socket...
Sep 03 11:04:13 net-master-0x01 systemd[3569]: Closed gpg-agent-ssh.socket - GnuPG cryptographic agent (ssh-agent emulation).
Sep 03 11:04:13 net-master-0x01 systemd[3569]: Closed gpg-agent.socket - GnuPG cryptographic agent and passphrase cache.
Sep 03 11:04:13 net-master-0x01 systemd[3569]: Closed ssh-agent.socket - OpenSSH Agent socket.
Sep 03 11:04:13 net-master-0x01 systemd[3569]: Removed slice app.slice - User Application Slice.
Sep 03 11:04:13 net-master-0x01 systemd[3569]: Reached target shutdown.target - Shutdown.
Sep 03 11:04:13 net-master-0x01 systemd[3569]: Finished systemd-exit.service - Exit the Session.
Sep 03 11:04:13 net-master-0x01 systemd[3569]: Reached target exit.target - Exit the Session.
Sep 03 11:04:13 net-master-0x01 (sd-pam)[3571]: pam_unix(systemd-user:session): session closed for user pkhairkh
Sep 03 11:04:13 net-master-0x01 systemd-logind[580]: Removed session 31.
Sep 03 11:04:13 net-master-0x01 systemd[1]: user@1000.service: Deactivated successfully.
Sep 03 11:04:13 net-master-0x01 systemd[1]: Stopped user@1000.service - User Manager for UID 1000.
Sep 03 11:04:13 net-master-0x01 systemd[1]: Stopping user-runtime-dir@1000.service - User Runtime Directory /run/user/1000...
Sep 03 11:04:13 net-master-0x01 systemd[1]: run-user-1000.mount: Deactivated successfully.
Sep 03 11:04:13 net-master-0x01 systemd[1]: user-runtime-dir@1000.service: Deactivated successfully.
Sep 03 11:04:13 net-master-0x01 systemd[1]: Stopped user-runtime-dir@1000.service - User Runtime Directory /run/user/1000.
Sep 03 11:04:13 net-master-0x01 systemd[1]: Removed slice user-1000.slice - User Slice of UID 1000.
Sep 03 11:04:13 net-master-0x01 systemd[1]: user-1000.slice: Consumed 1.350s CPU time.
Sep 03 11:04:22 net-master-0x01 kernel: INFO: task kworker/u16:2:50 blocked for more than 30 seconds.
Sep 03 11:04:22 net-master-0x01 kernel:       Tainted: G         C O        6.18.34+rpt-rpi-v8 #1 Debian 1:6.18.34-1+rpt1
Sep 03 11:04:22 net-master-0x01 kernel: "echo 0 > /proc/sys/kernel/hung_task_timeout_secs" disables this message.
Sep 03 11:04:22 net-master-0x01 kernel: task:kworker/u16:2   state:D stack:0     pid:50    tgid:50    ppid:2      task_flags:0x4208060 flags:0x00000010
Sep 03 11:04:22 net-master-0x01 kernel: Workqueue: events_unbound cfg80211_wiphy_work [cfg80211]
Sep 03 11:04:22 net-master-0x01 kernel: Call trace:
Sep 03 11:04:22 net-master-0x01 kernel:  __switch_to+0xf0/0x1c8 (T)
Sep 03 11:04:22 net-master-0x01 kernel:  __schedule+0x3c8/0xc18
Sep 03 11:04:22 net-master-0x01 kernel:  schedule+0x3c/0x120
Sep 03 11:04:22 net-master-0x01 kernel:  schedule_preempt_disabled+0x2c/0x50
Sep 03 11:04:22 net-master-0x01 kernel:  __mutex_lock.constprop.0+0x50c/0xc80
Sep 03 11:04:22 net-master-0x01 kernel:  __mutex_lock_slowpath+0x1c/0x30
Sep 03 11:04:22 net-master-0x01 kernel:  mutex_lock+0x50/0x70
Sep 03 11:04:22 net-master-0x01 kernel:  cfg80211_wiphy_work+0x30/0x200 [cfg80211]
Sep 03 11:04:22 net-master-0x01 kernel:  process_one_work+0x158/0x3b8
Sep 03 11:04:22 net-master-0x01 kernel:  worker_thread+0x19c/0x328
Sep 03 11:04:22 net-master-0x01 kernel:  kthread+0x14c/0x210
Sep 03 11:04:22 net-master-0x01 kernel:  ret_from_fork+0x10/0x20
Sep 03 11:04:22 net-master-0x01 kernel: INFO: task kworker/u16:2:50 is blocked on a mutex likely owned by task wpa_supplicant:628.
Sep 03 11:04:22 net-master-0x01 kernel: INFO: task wpa_supplicant:628 blocked for more than 30 seconds.
Sep 03 11:04:22 net-master-0x01 kernel:       Tainted: G         C O        6.18.34+rpt-rpi-v8 #1 Debian 1:6.18.34-1+rpt1
Sep 03 11:04:22 net-master-0x01 kernel: "echo 0 > /proc/sys/kernel/hung_task_timeout_secs" disables this message.
Sep 03 11:04:22 net-master-0x01 kernel: task:wpa_supplicant  state:D stack:0     pid:628   tgid:628   ppid:1      task_flags:0x400100 flags:0x00000018
Sep 03 11:04:22 net-master-0x01 kernel: Call trace:
Sep 03 11:04:22 net-master-0x01 kernel:  __switch_to+0xf0/0x1c8 (T)
Sep 03 11:04:22 net-master-0x01 kernel:  __schedule+0x3c8/0xc18
Sep 03 11:04:22 net-master-0x01 kernel:  schedule+0x3c/0x120
Sep 03 11:04:22 net-master-0x01 kernel:  schedule_preempt_disabled+0x2c/0x50
Sep 03 11:04:22 net-master-0x01 kernel:  __mutex_lock.constprop.0+0x50c/0xc80
Sep 03 11:04:22 net-master-0x01 kernel:  __mutex_lock_slowpath+0x1c/0x30
Sep 03 11:04:22 net-master-0x01 kernel:  mutex_lock+0x50/0x70
Sep 03 11:04:22 net-master-0x01 kernel:  mt7921_mac_sta_remove+0x60/0x170 [mt7921_common]
Sep 03 11:04:22 net-master-0x01 kernel:  __mt76_sta_remove+0x80/0xe0 [mt76]
Sep 03 11:04:22 net-master-0x01 kernel:  mt76_sta_state+0xd0/0x238 [mt76]
Sep 03 11:04:22 net-master-0x01 kernel:  mt7921_sta_state+0x60/0xd0 [mt7921_common]
Sep 03 11:04:22 net-master-0x01 kernel:  drv_sta_state+0x104/0x670 [mac80211]
Sep 03 11:04:22 net-master-0x01 kernel:  __sta_info_destroy_part2+0x140/0x170 [mac80211]
Sep 03 11:04:22 net-master-0x01 kernel:  __sta_info_flush+0x180/0x268 [mac80211]
Sep 03 11:04:22 net-master-0x01 kernel:  ieee80211_set_disassoc+0x510/0x6a0 [mac80211]
Sep 03 11:04:22 net-master-0x01 kernel:  ieee80211_mgd_deauth+0x184/0x310 [mac80211]
Sep 03 11:04:22 net-master-0x01 kernel:  ieee80211_deauth+0x20/0x40 [mac80211]
Sep 03 11:04:22 net-master-0x01 kernel:  cfg80211_mlme_deauth+0xb8/0x220 [cfg80211]
Sep 03 11:04:22 net-master-0x01 kernel:  nl80211_deauthenticate+0xb8/0xe8 [cfg80211]
Sep 03 11:04:22 net-master-0x01 kernel:  genl_family_rcv_msg_doit+0xe8/0x160
Sep 03 11:04:22 net-master-0x01 kernel:  genl_rcv_msg+0x228/0x2b8
Sep 03 11:04:22 net-master-0x01 kernel:  netlink_rcv_skb+0x68/0x140
Sep 03 11:04:22 net-master-0x01 kernel:  genl_rcv+0x40/0x60
Sep 03 11:04:22 net-master-0x01 kernel:  netlink_unicast+0x344/0x3c8
Sep 03 11:04:22 net-master-0x01 kernel:  netlink_sendmsg+0x198/0x3f8
Sep 03 11:04:22 net-master-0x01 kernel:  __sock_sendmsg+0x64/0xc0
Sep 03 11:04:22 net-master-0x01 kernel:  ____sys_sendmsg+0x26c/0x2a8
Sep 03 11:04:22 net-master-0x01 kernel:  ___sys_sendmsg+0xb8/0x120
Sep 03 11:04:22 net-master-0x01 kernel:  __sys_sendmsg+0xa4/0x110
Sep 03 11:04:22 net-master-0x01 kernel:  __arm64_sys_sendmsg+0x2c/0x40
Sep 03 11:04:22 net-master-0x01 kernel:  invoke_syscall+0x4c/0x100
Sep 03 11:04:22 net-master-0x01 kernel:  el0_svc_common.constprop.0+0x48/0xf0
Sep 03 11:04:22 net-master-0x01 kernel:  do_el0_svc+0x24/0x38
Sep 03 11:04:22 net-master-0x01 kernel:  el0_svc+0x38/0x120
Sep 03 11:04:22 net-master-0x01 kernel:  el0t_64_sync_handler+0xa0/0xe8
Sep 03 11:04:22 net-master-0x01 kernel:  el0t_64_sync+0x198/0x1a0
Sep 03 11:04:22 net-master-0x01 kernel: INFO: task wpa_supplicant:628 is blocked on a mutex likely owned by task wpa_supplicant:628.
Sep 03 11:04:22 net-master-0x01 kernel: INFO: task NetworkManager:3169 blocked for more than 10 seconds.
Sep 03 11:04:22 net-master-0x01 kernel:       Tainted: G         C O        6.18.34+rpt-rpi-v8 #1 Debian 1:6.18.34-1+rpt1
Sep 03 11:04:22 net-master-0x01 kernel: "echo 0 > /proc/sys/kernel/hung_task_timeout_secs" disables this message.
Sep 03 11:04:22 net-master-0x01 kernel: task:NetworkManager  state:D stack:0     pid:3169  tgid:3169  ppid:1      task_flags:0x400100 flags:0x00000008
Sep 03 11:04:22 net-master-0x01 kernel: Call trace:
Sep 03 11:04:22 net-master-0x01 kernel:  __switch_to+0xf0/0x1c8 (T)
Sep 03 11:04:22 net-master-0x01 kernel:  __schedule+0x3c8/0xc18
Sep 03 11:04:22 net-master-0x01 kernel:  schedule+0x3c/0x120
Sep 03 11:04:22 net-master-0x01 kernel:  schedule_preempt_disabled+0x2c/0x50
Sep 03 11:04:22 net-master-0x01 kernel:  __mutex_lock.constprop.0+0x50c/0xc80
Sep 03 11:04:22 net-master-0x01 kernel:  __mutex_lock_slowpath+0x1c/0x30
Sep 03 11:04:22 net-master-0x01 kernel:  mutex_lock+0x50/0x70
Sep 03 11:04:22 net-master-0x01 kernel:  nl80211_pre_doit+0xac/0x238 [cfg80211]
Sep 03 11:04:22 net-master-0x01 kernel:  genl_family_rcv_msg_doit+0xd0/0x160
Sep 03 11:04:22 net-master-0x01 kernel:  genl_rcv_msg+0x228/0x2b8
Sep 03 11:04:22 net-master-0x01 kernel:  netlink_rcv_skb+0x68/0x140
Sep 03 11:04:22 net-master-0x01 kernel:  genl_rcv+0x40/0x60
Sep 03 11:04:22 net-master-0x01 kernel:  netlink_unicast+0x344/0x3c8
Sep 03 11:04:22 net-master-0x01 kernel:  netlink_sendmsg+0x198/0x3f8
Sep 03 11:04:22 net-master-0x01 kernel:  __sock_sendmsg+0x64/0xc0
Sep 03 11:04:22 net-master-0x01 kernel:  ____sys_sendmsg+0x26c/0x2a8
Sep 03 11:04:22 net-master-0x01 kernel:  ___sys_sendmsg+0xb8/0x120
Sep 03 11:04:22 net-master-0x01 kernel:  __sys_sendmsg+0xa4/0x110
Sep 03 11:04:22 net-master-0x01 kernel:  __arm64_sys_sendmsg+0x2c/0x40
Sep 03 11:04:22 net-master-0x01 kernel:  invoke_syscall+0x4c/0x100
Sep 03 11:04:22 net-master-0x01 kernel:  el0_svc_common.constprop.0+0x48/0xf0
Sep 03 11:04:22 net-master-0x01 kernel:  do_el0_svc+0x24/0x38
Sep 03 11:04:22 net-master-0x01 kernel:  el0_svc+0x38/0x120
Sep 03 11:04:22 net-master-0x01 kernel:  el0t_64_sync_handler+0xa0/0xe8
Sep 03 11:04:22 net-master-0x01 kernel:  el0t_64_sync+0x198/0x1a0
Sep 03 11:04:22 net-master-0x01 kernel: INFO: task NetworkManager:3169 is blocked on a mutex likely owned by task wpa_supplicant:628.
Sep 03 11:04:22 net-master-0x01 kernel: INFO: task kworker/u16:0:3283 blocked for more than 30 seconds.
Sep 03 11:04:22 net-master-0x01 kernel:       Tainted: G         C O        6.18.34+rpt-rpi-v8 #1 Debian 1:6.18.34-1+rpt1
Sep 03 11:04:22 net-master-0x01 kernel: "echo 0 > /proc/sys/kernel/hung_task_timeout_secs" disables this message.
Sep 03 11:04:22 net-master-0x01 kernel: task:kworker/u16:0   state:D stack:0     pid:3283  tgid:3283  ppid:2      task_flags:0x4208060 flags:0x00000010
Sep 03 11:04:22 net-master-0x01 kernel: Workqueue: phy2 mt792x_mac_work [mt792x_lib]
Sep 03 11:04:22 net-master-0x01 kernel: Call trace:
Sep 03 11:04:22 net-master-0x01 kernel:  __switch_to+0xf0/0x1c8 (T)
Sep 03 11:04:22 net-master-0x01 kernel:  __schedule+0x3c8/0xc18
Sep 03 11:04:22 net-master-0x01 kernel:  schedule+0x3c/0x120
Sep 03 11:04:22 net-master-0x01 kernel:  schedule_preempt_disabled+0x2c/0x50
Sep 03 11:04:22 net-master-0x01 kernel:  __mutex_lock.constprop.0+0x50c/0xc80
Sep 03 11:04:22 net-master-0x01 kernel:  __mutex_lock_slowpath+0x1c/0x30
Sep 03 11:04:22 net-master-0x01 kernel:  mutex_lock+0x50/0x70
Sep 03 11:04:22 net-master-0x01 kernel:  mt792x_mac_work+0x34/0xd0 [mt792x_lib]
Sep 03 11:04:22 net-master-0x01 kernel:  process_one_work+0x158/0x3b8
Sep 03 11:04:22 net-master-0x01 kernel:  worker_thread+0x19c/0x328
Sep 03 11:04:22 net-master-0x01 kernel:  kthread+0x14c/0x210
Sep 03 11:04:22 net-master-0x01 kernel:  ret_from_fork+0x10/0x20
Sep 03 11:04:22 net-master-0x01 kernel: INFO: task kworker/u16:0:3283 is blocked on a mutex likely owned by task wpa_supplicant:628.
Sep 03 11:04:22 net-master-0x01 kernel: Future hung task reports are suppressed, see sysctl kernel.hung_task_warnings
Sep 03 11:05:33 net-master-0x01 systemd[1]: Starting systemd-tmpfiles-clean.service - Cleanup of Temporary Directories...
Sep 03 11:05:33 net-master-0x01 systemd-tmpfiles[3862]: /usr/lib/tmpfiles.d/legacy.conf:14: Duplicate line for path "/run/lock", ignoring.
Sep 03 11:05:33 net-master-0x01 systemd[1]: systemd-tmpfiles-clean.service: Deactivated successfully.
Sep 03 11:05:33 net-master-0x01 systemd[1]: Finished systemd-tmpfiles-clean.service - Cleanup of Temporary Directories.
